Archive member included to satisfy reference by file (symbol)

/opt/Atollic_TrueSTUDIO_for_STM32_x86_64_9.0.0/ARMTools/bin/../lib/gcc/arm-atollic-eabi/6.3.1/../../../../arm-atollic-eabi/lib/armv7-m/libc_nano.a(lib_a-init.o)
                              system/startup_stm32f10x_ld.o (__libc_init_array)
/opt/Atollic_TrueSTUDIO_for_STM32_x86_64_9.0.0/ARMTools/bin/../lib/gcc/arm-atollic-eabi/6.3.1/../../../../arm-atollic-eabi/lib/armv7-m/libc_nano.a(lib_a-reent.o)
                              src/syscalls.o (errno)
/opt/Atollic_TrueSTUDIO_for_STM32_x86_64_9.0.0/ARMTools/bin/../lib/gcc/arm-atollic-eabi/6.3.1/../../../../arm-atollic-eabi/lib/armv7-m/libc_nano.a(lib_a-sscanf.o)
                              src/cmdManager.o (sscanf)
/opt/Atollic_TrueSTUDIO_for_STM32_x86_64_9.0.0/ARMTools/bin/../lib/gcc/arm-atollic-eabi/6.3.1/../../../../arm-atollic-eabi/lib/armv7-m/libc_nano.a(lib_a-stdio.o)
                              /opt/Atollic_TrueSTUDIO_for_STM32_x86_64_9.0.0/ARMTools/bin/../lib/gcc/arm-atollic-eabi/6.3.1/../../../../arm-atollic-eabi/lib/armv7-m/libc_nano.a(lib_a-sscanf.o) (__seofread)
/opt/Atollic_TrueSTUDIO_for_STM32_x86_64_9.0.0/ARMTools/bin/../lib/gcc/arm-atollic-eabi/6.3.1/../../../../arm-atollic-eabi/lib/armv7-m/libc_nano.a(lib_a-strcpy.o)
                              src/cmdManager.o (strcpy)
/opt/Atollic_TrueSTUDIO_for_STM32_x86_64_9.0.0/ARMTools/bin/../lib/gcc/arm-atollic-eabi/6.3.1/../../../../arm-atollic-eabi/lib/armv7-m/libc_nano.a(lib_a-strlen.o)
                              src/cmdManager.o (strlen)
/opt/Atollic_TrueSTUDIO_for_STM32_x86_64_9.0.0/ARMTools/bin/../lib/gcc/arm-atollic-eabi/6.3.1/../../../../arm-atollic-eabi/lib/armv7-m/libc_nano.a(lib_a-writer.o)
                              /opt/Atollic_TrueSTUDIO_for_STM32_x86_64_9.0.0/ARMTools/bin/../lib/gcc/arm-atollic-eabi/6.3.1/../../../../arm-atollic-eabi/lib/armv7-m/libc_nano.a(lib_a-stdio.o) (_write_r)
/opt/Atollic_TrueSTUDIO_for_STM32_x86_64_9.0.0/ARMTools/bin/../lib/gcc/arm-atollic-eabi/6.3.1/../../../../arm-atollic-eabi/lib/armv7-m/libc_nano.a(lib_a-closer.o)
                              /opt/Atollic_TrueSTUDIO_for_STM32_x86_64_9.0.0/ARMTools/bin/../lib/gcc/arm-atollic-eabi/6.3.1/../../../../arm-atollic-eabi/lib/armv7-m/libc_nano.a(lib_a-stdio.o) (_close_r)
/opt/Atollic_TrueSTUDIO_for_STM32_x86_64_9.0.0/ARMTools/bin/../lib/gcc/arm-atollic-eabi/6.3.1/../../../../arm-atollic-eabi/lib/armv7-m/libc_nano.a(lib_a-impure.o)
                              /opt/Atollic_TrueSTUDIO_for_STM32_x86_64_9.0.0/ARMTools/bin/../lib/gcc/arm-atollic-eabi/6.3.1/../../../../arm-atollic-eabi/lib/armv7-m/libc_nano.a(lib_a-reent.o) (_impure_ptr)
/opt/Atollic_TrueSTUDIO_for_STM32_x86_64_9.0.0/ARMTools/bin/../lib/gcc/arm-atollic-eabi/6.3.1/../../../../arm-atollic-eabi/lib/armv7-m/libc_nano.a(lib_a-lseekr.o)
                              /opt/Atollic_TrueSTUDIO_for_STM32_x86_64_9.0.0/ARMTools/bin/../lib/gcc/arm-atollic-eabi/6.3.1/../../../../arm-atollic-eabi/lib/armv7-m/libc_nano.a(lib_a-stdio.o) (_lseek_r)
/opt/Atollic_TrueSTUDIO_for_STM32_x86_64_9.0.0/ARMTools/bin/../lib/gcc/arm-atollic-eabi/6.3.1/../../../../arm-atollic-eabi/lib/armv7-m/libc_nano.a(lib_a-nano-freer.o)
                              /opt/Atollic_TrueSTUDIO_for_STM32_x86_64_9.0.0/ARMTools/bin/../lib/gcc/arm-atollic-eabi/6.3.1/../../../../arm-atollic-eabi/lib/armv7-m/libc_nano.a(lib_a-reent.o) (_free_r)
/opt/Atollic_TrueSTUDIO_for_STM32_x86_64_9.0.0/ARMTools/bin/../lib/gcc/arm-atollic-eabi/6.3.1/../../../../arm-atollic-eabi/lib/armv7-m/libc_nano.a(lib_a-nano-mallocr.o)
                              /opt/Atollic_TrueSTUDIO_for_STM32_x86_64_9.0.0/ARMTools/bin/../lib/gcc/arm-atollic-eabi/6.3.1/../../../../arm-atollic-eabi/lib/armv7-m/libc_nano.a(lib_a-nano-freer.o) (__malloc_free_list)
/opt/Atollic_TrueSTUDIO_for_STM32_x86_64_9.0.0/ARMTools/bin/../lib/gcc/arm-atollic-eabi/6.3.1/../../../../arm-atollic-eabi/lib/armv7-m/libc_nano.a(lib_a-nano-svfscanf.o)
                              /opt/Atollic_TrueSTUDIO_for_STM32_x86_64_9.0.0/ARMTools/bin/../lib/gcc/arm-atollic-eabi/6.3.1/../../../../arm-atollic-eabi/lib/armv7-m/libc_nano.a(lib_a-sscanf.o) (__ssvfscanf_r)
/opt/Atollic_TrueSTUDIO_for_STM32_x86_64_9.0.0/ARMTools/bin/../lib/gcc/arm-atollic-eabi/6.3.1/../../../../arm-atollic-eabi/lib/armv7-m/libc_nano.a(lib_a-nano-vfscanf_i.o)
                              /opt/Atollic_TrueSTUDIO_for_STM32_x86_64_9.0.0/ARMTools/bin/../lib/gcc/arm-atollic-eabi/6.3.1/../../../../arm-atollic-eabi/lib/armv7-m/libc_nano.a(lib_a-nano-svfscanf.o) (_scanf_chars)
/opt/Atollic_TrueSTUDIO_for_STM32_x86_64_9.0.0/ARMTools/bin/../lib/gcc/arm-atollic-eabi/6.3.1/../../../../arm-atollic-eabi/lib/armv7-m/libc_nano.a(lib_a-readr.o)
                              /opt/Atollic_TrueSTUDIO_for_STM32_x86_64_9.0.0/ARMTools/bin/../lib/gcc/arm-atollic-eabi/6.3.1/../../../../arm-atollic-eabi/lib/armv7-m/libc_nano.a(lib_a-stdio.o) (_read_r)
[...]
Memory Configuration

Name             Origin             Length             Attributes
FLASH            0x0000000008000000 0x0000000000008000 xr
RAM              0x0000000020000000 0x0000000000002800 xrw
MEMORY_B1        0x0000000060000000 0x0000000000000000 xr
*default*        0x0000000000000000 0xffffffffffffffff

Linker script and memory map

LOAD /opt/Atollic_TrueSTUDIO_for_STM32_x86_64_9.0.0/ARMTools/bin/../lib/gcc/arm-atollic-eabi/6.3.1/armv7-m/crti.o
LOAD /opt/Atollic_TrueSTUDIO_for_STM32_x86_64_9.0.0/ARMTools/bin/../lib/gcc/arm-atollic-eabi/6.3.1/armv7-m/crtbegin.o
LOAD Libraries/STM32F10x_StdPeriph_Driver/src/misc.o
LOAD Libraries/STM32F10x_StdPeriph_Driver/src/stm32f10x_adc.o
LOAD Libraries/STM32F10x_StdPeriph_Driver/src/stm32f10x_bkp.o
LOAD Libraries/STM32F10x_StdPeriph_Driver/src/stm32f10x_can.o
LOAD Libraries/STM32F10x_StdPeriph_Driver/src/stm32f10x_cec.o
LOAD Libraries/STM32F10x_StdPeriph_Driver/src/stm32f10x_crc.o
LOAD Libraries/STM32F10x_StdPeriph_Driver/src/stm32f10x_dac.o
LOAD Libraries/STM32F10x_StdPeriph_Driver/src/stm32f10x_dbgmcu.o
LOAD Libraries/STM32F10x_StdPeriph_Driver/src/stm32f10x_dma.o
LOAD Libraries/STM32F10x_StdPeriph_Driver/src/stm32f10x_exti.o
LOAD Libraries/STM32F10x_StdPeriph_Driver/src/stm32f10x_flash.o
LOAD Libraries/STM32F10x_StdPeriph_Driver/src/stm32f10x_fsmc.o
LOAD Libraries/STM32F10x_StdPeriph_Driver/src/stm32f10x_gpio.o
LOAD Libraries/STM32F10x_StdPeriph_Driver/src/stm32f10x_i2c.o
LOAD Libraries/STM32F10x_StdPeriph_Driver/src/stm32f10x_iwdg.o
LOAD Libraries/STM32F10x_StdPeriph_Driver/src/stm32f10x_pwr.o
LOAD Libraries/STM32F10x_StdPeriph_Driver/src/stm32f10x_rcc.o
LOAD Libraries/STM32F10x_StdPeriph_Driver/src/stm32f10x_rtc.o
LOAD Libraries/STM32F10x_StdPeriph_Driver/src/stm32f10x_sdio.o
LOAD Libraries/STM32F10x_StdPeriph_Driver/src/stm32f10x_spi.o
LOAD Libraries/STM32F10x_StdPeriph_Driver/src/stm32f10x_tim.o
LOAD Libraries/STM32F10x_StdPeriph_Driver/src/stm32f10x_usart.o
LOAD Libraries/STM32F10x_StdPeriph_Driver/src/stm32f10x_wwdg.o
LOAD src/battery.o
LOAD src/cmdManager.o
LOAD src/debug.o
LOAD src/led.o
LOAD src/main.o
LOAD src/motor.o
LOAD src/stm32f1xx_it.o
LOAD src/syscalls.o
LOAD src/system_dumby.o
LOAD src/tiny_printf.o
LOAD src/usart.o
LOAD system/startup_stm32f10x_ld.o
LOAD system/system_stm32f10x.o
                0x0000000000001000                malloc_getpagesize_P = 0x1000
START GROUP
LOAD /opt/Atollic_TrueSTUDIO_for_STM32_x86_64_9.0.0/ARMTools/bin/../lib/gcc/arm-atollic-eabi/6.3.1/../../../../arm-atollic-eabi/lib/armv7-m/libstdc++_nano.a
LOAD /opt/Atollic_TrueSTUDIO_for_STM32_x86_64_9.0.0/ARMTools/bin/../lib/gcc/arm-atollic-eabi/6.3.1/../../../../arm-atollic-eabi/lib/armv7-m/libsupc++_nano.a
END GROUP
LOAD /opt/Atollic_TrueSTUDIO_for_STM32_x86_64_9.0.0/ARMTools/bin/../lib/gcc/arm-atollic-eabi/6.3.1/../../../../arm-atollic-eabi/lib/armv7-m/libstdc++_nano.a
LOAD /opt/Atollic_TrueSTUDIO_for_STM32_x86_64_9.0.0/ARMTools/bin/../lib/gcc/arm-atollic-eabi/6.3.1/../../../../arm-atollic-eabi/lib/armv7-m/libm.a
LOAD /opt/Atollic_TrueSTUDIO_for_STM32_x86_64_9.0.0/ARMTools/bin/../lib/gcc/arm-atollic-eabi/6.3.1/../../../../arm-atollic-eabi/lib/armv7-m/libc_nano.a
START GROUP
LOAD /opt/Atollic_TrueSTUDIO_for_STM32_x86_64_9.0.0/ARMTools/bin/../lib/gcc/arm-atollic-eabi/6.3.1/armv7-m/libgcc.a
LOAD /opt/Atollic_TrueSTUDIO_for_STM32_x86_64_9.0.0/ARMTools/bin/../lib/gcc/arm-atollic-eabi/6.3.1/../../../../arm-atollic-eabi/lib/armv7-m/libc_nano.a
END GROUP
START GROUP
LOAD /opt/Atollic_TrueSTUDIO_for_STM32_x86_64_9.0.0/ARMTools/bin/../lib/gcc/arm-atollic-eabi/6.3.1/armv7-m/libgcc.a
LOAD /opt/Atollic_TrueSTUDIO_for_STM32_x86_64_9.0.0/ARMTools/bin/../lib/gcc/arm-atollic-eabi/6.3.1/../../../../arm-atollic-eabi/lib/armv7-m/libc_nano.a
LOAD /opt/Atollic_TrueSTUDIO_for_STM32_x86_64_9.0.0/ARMTools/bin/../lib/gcc/arm-atollic-eabi/6.3.1/../../../../arm-atollic-eabi/lib/armv7-m/libnosys.a
END GROUP
START GROUP
LOAD /opt/Atollic_TrueSTUDIO_for_STM32_x86_64_9.0.0/ARMTools/bin/../lib/gcc/arm-atollic-eabi/6.3.1/armv7-m/libgcc.a
LOAD /opt/Atollic_TrueSTUDIO_for_STM32_x86_64_9.0.0/ARMTools/bin/../lib/gcc/arm-atollic-eabi/6.3.1/../../../../arm-atollic-eabi/lib/armv7-m/libc_nano.a
LOAD /opt/Atollic_TrueSTUDIO_for_STM32_x86_64_9.0.0/ARMTools/bin/../lib/gcc/arm-atollic-eabi/6.3.1/../../../../arm-atollic-eabi/lib/armv7-m/libnosys.a
END GROUP
LOAD /opt/Atollic_TrueSTUDIO_for_STM32_x86_64_9.0.0/ARMTools/bin/../lib/gcc/arm-atollic-eabi/6.3.1/armv7-m/crtend.o
LOAD /opt/Atollic_TrueSTUDIO_for_STM32_x86_64_9.0.0/ARMTools/bin/../lib/gcc/arm-atollic-eabi/6.3.1/armv7-m/crtn.o
                0x0000000020002800                _estack = 0x20002800
                0x0000000000000000                _Min_Heap_Size = 0x0
                0x0000000000000100                _Min_Stack_Size = 0x100

.isr_vector     0x0000000008000000      0x10c
                0x0000000008000000                . = ALIGN (0x4)
 *(.isr_vector)
 .isr_vector    0x0000000008000000      0x10c system/startup_stm32f10x_ld.o
                0x0000000008000000                g_pfnVectors
                0x000000000800010c                . = ALIGN (0x4)

.text           0x0000000008000110     0x3f44
                0x0000000008000110                . = ALIGN (0x4)
 *(.text)
 .text          0x0000000008000110       0x40 /opt/Atollic_TrueSTUDIO_for_STM32_x86_64_9.0.0/ARMTools/bin/../lib/gcc/arm-atollic-eabi/6.3.1/armv7-m/crtbegin.o
 .text          0x0000000008000150       0x10 /opt/Atollic_TrueSTUDIO_for_STM32_x86_64_9.0.0/ARMTools/bin/../lib/gcc/arm-atollic-eabi/6.3.1/../../../../arm-atollic-eabi/lib/armv7-m/libc_nano.a(lib_a-strlen.o)
                0x0000000008000150                strlen
 .text          0x0000000008000160      0x370 /opt/Atollic_TrueSTUDIO_for_STM32_x86_64_9.0.0/ARMTools/bin/../lib/gcc/arm-atollic-eabi/6.3.1/armv7-m/libgcc.a(_arm_addsubdf3.o)
                0x0000000008000160                __aeabi_drsub
                0x0000000008000168                __aeabi_dsub
                0x0000000008000168                __subdf3
                0x000000000800016c                __adddf3
                0x000000000800016c                __aeabi_dadd
                0x00000000080003e4                __aeabi_ui2d
                0x00000000080003e4                __floatunsidf
                0x0000000008000404                __floatsidf
                0x0000000008000404                __aeabi_i2d
                0x0000000008000428                __extendsfdf2
                0x0000000008000428                __aeabi_f2d
                0x0000000008000464                __aeabi_ul2d
                0x0000000008000464                __floatundidf
                0x0000000008000474                __floatdidf
                0x0000000008000474                __aeabi_l2d
 .text          0x00000000080004d0      0x424 /opt/Atollic_TrueSTUDIO_for_STM32_x86_64_9.0.0/ARMTools/bin/../lib/gcc/arm-atollic-eabi/6.3.1/armv7-m/libgcc.a(_arm_muldivdf3.o)
                0x00000000080004d0                __aeabi_dmul
                0x00000000080004d0                __muldf3
                0x0000000008000724                __aeabi_ddiv
                0x0000000008000724                __divdf3
 .text          0x00000000080008f4       0x50 /opt/Atollic_TrueSTUDIO_for_STM32_x86_64_9.0.0/ARMTools/bin/../lib/gcc/arm-atollic-eabi/6.3.1/armv7-m/libgcc.a(_arm_fixdfsi.o)
                0x00000000080008f4                __fixdfsi
                0x00000000080008f4                __aeabi_d2iz
 .text          0x0000000008000944      0x21c /opt/Atollic_TrueSTUDIO_for_STM32_x86_64_9.0.0/ARMTools/bin/../lib/gcc/arm-atollic-eabi/6.3.1/armv7-m/libgcc.a(_arm_addsubsf3.o)
                0x0000000008000944                __aeabi_frsub
                0x000000000800094c                __subsf3
                0x000000000800094c                __aeabi_fsub
                0x0000000008000950                __aeabi_fadd
                0x0000000008000950                __addsf3
                0x0000000008000ab0                __aeabi_ui2f
                0x0000000008000ab0                __floatunsisf
                0x0000000008000ab8                __aeabi_i2f
                0x0000000008000ab8                __floatsisf
                0x0000000008000ad4                __floatundisf
                0x0000000008000ad4                __aeabi_ul2f
                0x0000000008000ae4                __floatdisf
                0x0000000008000ae4                __aeabi_l2f
 .text          0x0000000008000b60      0x2a0 /opt/Atollic_TrueSTUDIO_for_STM32_x86_64_9.0.0/ARMTools/bin/../lib/gcc/arm-atollic-eabi/6.3.1/armv7-m/libgcc.a(_arm_muldivsf3.o)
                0x0000000008000b60                __mulsf3
                0x0000000008000b60                __aeabi_fmul
                0x0000000008000cc8                __divsf3
                0x0000000008000cc8                __aeabi_fdiv
 .text          0x0000000008000e00       0xec /opt/Atollic_TrueSTUDIO_for_STM32_x86_64_9.0.0/ARMTools/bin/../lib/gcc/arm-atollic-eabi/6.3.1/armv7-m/libgcc.a(_arm_cmpsf2.o)
                0x0000000008000e00                __gtsf2
                0x0000000008000e00                __gesf2
                0x0000000008000e08                __lesf2
                0x0000000008000e08                __ltsf2
                0x0000000008000e10                __nesf2
                0x0000000008000e10                __eqsf2
                0x0000000008000e10                __cmpsf2
                0x0000000008000e70                __aeabi_cfrcmple
                0x0000000008000e78                __aeabi_cfcmple
                0x0000000008000e78                __aeabi_cfcmpeq
                0x0000000008000e88                __aeabi_fcmpeq
                0x0000000008000e9c                __aeabi_fcmplt
                0x0000000008000eb0                __aeabi_fcmple
                0x0000000008000ec4                __aeabi_fcmpge
                0x0000000008000ed8                __aeabi_fcmpgt
 .text          0x0000000008000eec       0x40 /opt/Atollic_TrueSTUDIO_for_STM32_x86_64_9.0.0/ARMTools/bin/../lib/gcc/arm-atollic-eabi/6.3.1/armv7-m/libgcc.a(_arm_fixunssfsi.o)
                0x0000000008000eec                __aeabi_f2uiz
                0x0000000008000eec                __fixunssfsi
 *(.text*)
 .text.NVIC_Init
                0x0000000008000f2c       0x68 Libraries/STM32F10x_StdPeriph_Driver/src/misc.o
                0x0000000008000f2c                NVIC_Init
 .text.ADC_Init
                0x0000000008000f94       0x48 Libraries/STM32F10x_StdPeriph_Driver/src/stm32f10x_adc.o
                0x0000000008000f94                ADC_Init
 .text.ADC_Cmd  0x0000000008000fdc       0x16 Libraries/STM32F10x_StdPeriph_Driver/src/stm32f10x_adc.o
                0x0000000008000fdc                ADC_Cmd
 .text.ADC_DMACmd
                0x0000000008000ff2       0x16 Libraries/STM32F10x_StdPeriph_Driver/src/stm32f10x_adc.o
                0x0000000008000ff2                ADC_DMACmd
 .text.ADC_StartCalibration
                0x0000000008001008        0xa Libraries/STM32F10x_StdPeriph_Driver/src/stm32f10x_adc.o
                0x0000000008001008                ADC_StartCalibration
 .text.ADC_GetCalibrationStatus
                0x0000000008001012       0x10 Libraries/STM32F10x_StdPeriph_Driver/src/stm32f10x_adc.o
                0x0000000008001012                ADC_GetCalibrationStatus
 .text.ADC_SoftwareStartConvCmd
                0x0000000008001022       0x16 Libraries/STM32F10x_StdPeriph_Driver/src/stm32f10x_adc.o
                0x0000000008001022                ADC_SoftwareStartConvCmd
 .text.ADC_RegularChannelConfig
                0x0000000008001038       0x90 Libraries/STM32F10x_StdPeriph_Driver/src/stm32f10x_adc.o
                0x0000000008001038                ADC_RegularChannelConfig
 .text.DMA_DeInit
                0x00000000080010c8      0x128 Libraries/STM32F10x_StdPeriph_Driver/src/stm32f10x_dma.o
                0x00000000080010c8                DMA_DeInit
 .text.DMA_Init
                0x00000000080011f0       0x3e Libraries/STM32F10x_StdPeriph_Driver/src/stm32f10x_dma.o
                0x00000000080011f0                DMA_Init
 .text.DMA_Cmd  0x000000000800122e       0x1a Libraries/STM32F10x_StdPeriph_Driver/src/stm32f10x_dma.o
                0x000000000800122e                DMA_Cmd
 .text.DMA_ITConfig
                0x0000000008001248       0x14 Libraries/STM32F10x_StdPeriph_Driver/src/stm32f10x_dma.o
                0x0000000008001248                DMA_ITConfig
 .text.DMA_GetFlagStatus
                0x000000000800125c       0x24 Libraries/STM32F10x_StdPeriph_Driver/src/stm32f10x_dma.o
                0x000000000800125c                DMA_GetFlagStatus
 .text.DMA_GetITStatus
                0x0000000008001280       0x24 Libraries/STM32F10x_StdPeriph_Driver/src/stm32f10x_dma.o
                0x0000000008001280                DMA_GetITStatus
 .text.DMA_ClearITPendingBit
                0x00000000080012a4       0x1c Libraries/STM32F10x_StdPeriph_Driver/src/stm32f10x_dma.o
                0x00000000080012a4                DMA_ClearITPendingBit
 .text.EXTI_Init
                0x00000000080012c0       0x8c Libraries/STM32F10x_StdPeriph_Driver/src/stm32f10x_exti.o
                0x00000000080012c0                EXTI_Init
 .text.GPIO_Init
                0x000000000800134c       0x9e Libraries/STM32F10x_StdPeriph_Driver/src/stm32f10x_gpio.o
                0x000000000800134c                GPIO_Init
 .text.GPIO_SetBits
                0x00000000080013ea        0x4 Libraries/STM32F10x_StdPeriph_Driver/src/stm32f10x_gpio.o
                0x00000000080013ea                GPIO_SetBits
 .text.GPIO_ResetBits
                0x00000000080013ee        0x4 Libraries/STM32F10x_StdPeriph_Driver/src/stm32f10x_gpio.o
                0x00000000080013ee                GPIO_ResetBits
 *fill*         0x00000000080013f2        0x2 
 .text.GPIO_PinRemapConfig
                0x00000000080013f4       0x74 Libraries/STM32F10x_StdPeriph_Driver/src/stm32f10x_gpio.o
                0x00000000080013f4                GPIO_PinRemapConfig
 .text.GPIO_EXTILineConfig
                0x0000000008001468       0x34 Libraries/STM32F10x_StdPeriph_Driver/src/stm32f10x_gpio.o
                0x0000000008001468                GPIO_EXTILineConfig
 .text.RCC_ADCCLKConfig
                0x000000000800149c       0x14 Libraries/STM32F10x_StdPeriph_Driver/src/stm32f10x_rcc.o
                0x000000000800149c                RCC_ADCCLKConfig
 .text.RCC_GetClocksFreq
                0x00000000080014b0       0xbc Libraries/STM32F10x_StdPeriph_Driver/src/stm32f10x_rcc.o
                0x00000000080014b0                RCC_GetClocksFreq
 .text.RCC_AHBPeriphClockCmd
                0x000000000800156c       0x1c Libraries/STM32F10x_StdPeriph_Driver/src/stm32f10x_rcc.o
                0x000000000800156c                RCC_AHBPeriphClockCmd
 .text.RCC_APB2PeriphClockCmd
                0x0000000008001588       0x1c Libraries/STM32F10x_StdPeriph_Driver/src/stm32f10x_rcc.o
                0x0000000008001588                RCC_APB2PeriphClockCmd
 .text.RCC_APB1PeriphClockCmd
                0x00000000080015a4       0x1c Libraries/STM32F10x_StdPeriph_Driver/src/stm32f10x_rcc.o
                0x00000000080015a4                RCC_APB1PeriphClockCmd
 .text.TI1_Config
                0x00000000080015c0       0x74 Libraries/STM32F10x_StdPeriph_Driver/src/stm32f10x_tim.o
 .text.TI2_Config
                0x0000000008001634       0x7c Libraries/STM32F10x_StdPeriph_Driver/src/stm32f10x_tim.o
 .text.TI3_Config
                0x00000000080016b0       0x74 Libraries/STM32F10x_StdPeriph_Driver/src/stm32f10x_tim.o
 .text.TI4_Config
                0x0000000008001724       0x80 Libraries/STM32F10x_StdPeriph_Driver/src/stm32f10x_tim.o
 .text.TIM_TimeBaseInit
                0x00000000080017a4       0x94 Libraries/STM32F10x_StdPeriph_Driver/src/stm32f10x_tim.o
                0x00000000080017a4                TIM_TimeBaseInit
 .text.TIM_OC2Init
                0x0000000008001838       0x88 Libraries/STM32F10x_StdPeriph_Driver/src/stm32f10x_tim.o
                0x0000000008001838                TIM_OC2Init
 .text.TIM_OC3Init
                0x00000000080018c0       0x84 Libraries/STM32F10x_StdPeriph_Driver/src/stm32f10x_tim.o
                0x00000000080018c0                TIM_OC3Init
 .text.TIM_Cmd  0x0000000008001944       0x1c Libraries/STM32F10x_StdPeriph_Driver/src/stm32f10x_tim.o
                0x0000000008001944                TIM_Cmd
 .text.TIM_CtrlPWMOutputs
                0x0000000008001960       0x24 Libraries/STM32F10x_StdPeriph_Driver/src/stm32f10x_tim.o
                0x0000000008001960                TIM_CtrlPWMOutputs
 .text.TIM_ITConfig
                0x0000000008001984       0x18 Libraries/STM32F10x_StdPeriph_Driver/src/stm32f10x_tim.o
                0x0000000008001984                TIM_ITConfig
 .text.TIM_ARRPreloadConfig
                0x000000000800199c       0x1c Libraries/STM32F10x_StdPeriph_Driver/src/stm32f10x_tim.o
                0x000000000800199c                TIM_ARRPreloadConfig
 .text.TIM_OC2PreloadConfig
                0x00000000080019b8       0x12 Libraries/STM32F10x_StdPeriph_Driver/src/stm32f10x_tim.o
                0x00000000080019b8                TIM_OC2PreloadConfig
 .text.TIM_OC3PreloadConfig
                0x00000000080019ca        0xe Libraries/STM32F10x_StdPeriph_Driver/src/stm32f10x_tim.o
                0x00000000080019ca                TIM_OC3PreloadConfig
 .text.TIM_SetCompare2
                0x00000000080019d8        0x4 Libraries/STM32F10x_StdPeriph_Driver/src/stm32f10x_tim.o
                0x00000000080019d8                TIM_SetCompare2
 .text.TIM_SetCompare3
                0x00000000080019dc        0x4 Libraries/STM32F10x_StdPeriph_Driver/src/stm32f10x_tim.o
                0x00000000080019dc                TIM_SetCompare3
 .text.TIM_SetIC1Prescaler
                0x00000000080019e0       0x16 Libraries/STM32F10x_StdPeriph_Driver/src/stm32f10x_tim.o
                0x00000000080019e0                TIM_SetIC1Prescaler
 .text.TIM_SetIC2Prescaler
                0x00000000080019f6       0x1a Libraries/STM32F10x_StdPeriph_Driver/src/stm32f10x_tim.o
                0x00000000080019f6                TIM_SetIC2Prescaler
 .text.TIM_SetIC3Prescaler
                0x0000000008001a10       0x16 Libraries/STM32F10x_StdPeriph_Driver/src/stm32f10x_tim.o
                0x0000000008001a10                TIM_SetIC3Prescaler
 .text.TIM_SetIC4Prescaler
                0x0000000008001a26       0x1a Libraries/STM32F10x_StdPeriph_Driver/src/stm32f10x_tim.o
                0x0000000008001a26                TIM_SetIC4Prescaler
 .text.TIM_ICInit
                0x0000000008001a40       0x62 Libraries/STM32F10x_StdPeriph_Driver/src/stm32f10x_tim.o
                0x0000000008001a40                TIM_ICInit
 .text.TIM_GetITStatus
                0x0000000008001aa2       0x18 Libraries/STM32F10x_StdPeriph_Driver/src/stm32f10x_tim.o
                0x0000000008001aa2                TIM_GetITStatus
 .text.TIM_ClearITPendingBit
                0x0000000008001aba        0x8 Libraries/STM32F10x_StdPeriph_Driver/src/stm32f10x_tim.o
                0x0000000008001aba                TIM_ClearITPendingBit
 *fill*         0x0000000008001ac2        0x2 
 .text.USART_Init
                0x0000000008001ac4       0xc8 Libraries/STM32F10x_StdPeriph_Driver/src/stm32f10x_usart.o
                0x0000000008001ac4                USART_Init
 .text.USART_Cmd
                0x0000000008001b8c       0x1c Libraries/STM32F10x_StdPeriph_Driver/src/stm32f10x_usart.o
                0x0000000008001b8c                USART_Cmd
 .text.USART_ITConfig
                0x0000000008001ba8       0x38 Libraries/STM32F10x_StdPeriph_Driver/src/stm32f10x_usart.o
                0x0000000008001ba8                USART_ITConfig
 .text.USART_DMACmd
                0x0000000008001be0       0x18 Libraries/STM32F10x_StdPeriph_Driver/src/stm32f10x_usart.o
                0x0000000008001be0                USART_DMACmd
 .text.USART_ReceiveData
                0x0000000008001bf8        0x8 Libraries/STM32F10x_StdPeriph_Driver/src/stm32f10x_usart.o
                0x0000000008001bf8                USART_ReceiveData
 .text.USART_ClearFlag
                0x0000000008001c00        0x8 Libraries/STM32F10x_StdPeriph_Driver/src/stm32f10x_usart.o
                0x0000000008001c00                USART_ClearFlag
 .text.USART_GetITStatus
                0x0000000008001c08       0x4c Libraries/STM32F10x_StdPeriph_Driver/src/stm32f10x_usart.o
                0x0000000008001c08                USART_GetITStatus
 .text.batteryConfigure
                0x0000000008001c54      0x158 src/battery.o
                0x0000000008001c54                batteryConfigure
 .text.batteryStartAcquisition
                0x0000000008001dac       0x3c src/battery.o
                0x0000000008001dac                batteryStartAcquisition
 .text.batteryRefreshData
                0x0000000008001de8       0x2c src/battery.o
                0x0000000008001de8                batteryRefreshData
 .text.batteryManagement
                0x0000000008001e14      0x138 src/battery.o
                0x0000000008001e14                batteryManagement
 .text.DMA1_Channel1_IRQHandler
                0x0000000008001f4c       0x20 src/battery.o
                0x0000000008001f4c                DMA1_Channel1_IRQHandler
 .text.EXTI15_10_IRQHandler
                0x0000000008001f6c        0x8 src/battery.o
                0x0000000008001f6c                EXTI15_10_IRQHandler
 .text.cmdAddChecksum
                0x0000000008001f74       0x30 src/cmdManager.o
                0x0000000008001f74                cmdAddChecksum
 .text.cmdVerifyChecksum
                0x0000000008001fa4       0x4c src/cmdManager.o
                0x0000000008001fa4                cmdVerifyChecksum
 .text.cmdPingAction
                0x0000000008001ff0       0x34 src/cmdManager.o
                0x0000000008001ff0                cmdPingAction
 .text.cmdResetAction
                0x0000000008002024       0x20 src/cmdManager.o
                0x0000000008002024                cmdResetAction
 .text.cmdVersionAction
                0x0000000008002044       0x3c src/cmdManager.o
                0x0000000008002044                cmdVersionAction
 .text.cmdBusyStateAction
                0x0000000008002080       0x54 src/cmdManager.o
                0x0000000008002080                cmdBusyStateAction
 .text.cmdResetWatchdogAction
                0x00000000080020d4       0x30 src/cmdManager.o
                0x00000000080020d4                cmdResetWatchdogAction
 .text.cmdStartWithWatchdogAction
                0x0000000008002104       0x4c src/cmdManager.o
                0x0000000008002104                cmdStartWithWatchdogAction
 .text.cmdStartWithoutWatchdogAction
                0x0000000008002150       0x4c src/cmdManager.o
                0x0000000008002150                cmdStartWithoutWatchdogAction
 .text.cmdMoveAction
                0x000000000800219c       0x9c src/cmdManager.o
                0x000000000800219c                cmdMoveAction
 .text.cmdTurnAction
                0x0000000008002238       0xc8 src/cmdManager.o
                0x0000000008002238                cmdTurnAction
 .text.cmdBatteryVoltageAction
                0x0000000008002300       0x2c src/cmdManager.o
                0x0000000008002300                cmdBatteryVoltageAction
 .text.cmdDebugAction
                0x000000000800232c       0x54 src/cmdManager.o
                0x000000000800232c                cmdDebugAction
 .text.cmdPowerOffAction
                0x0000000008002380       0x48 src/cmdManager.o
                0x0000000008002380                cmdPowerOffAction
 .text.cmdManage
                0x00000000080023c8       0xe8 src/cmdManager.o
                0x00000000080023c8                cmdManage
 .text.ledConfigure
                0x00000000080024b0       0x3c src/led.o
                0x00000000080024b0                ledConfigure
 .text.ledOff   0x00000000080024ec       0x1c src/led.o
                0x00000000080024ec                ledOff
 .text.ledOn    0x0000000008002508       0x54 src/led.o
                0x0000000008002508                ledOn
 .text.ledManagement
                0x000000000800255c       0x9c src/led.o
                0x000000000800255c                ledManagement
 .text.main     0x00000000080025f8       0x5c src/main.o
                0x00000000080025f8                main
 .text.mainPeripheralsInit
                0x0000000008002654       0x20 src/main.o
                0x0000000008002654                mainPeripheralsInit
 .text.mainConfigureClock
                0x0000000008002674       0x2a src/main.o
                0x0000000008002674                mainConfigureClock
 *fill*         0x000000000800269e        0x2 
 .text.motorConfigure
                0x00000000080026a0      0x18c src/motor.o
                0x00000000080026a0                motorConfigure
 .text.motorCmdRight
                0x000000000800282c       0x80 src/motor.o
                0x000000000800282c                motorCmdRight
 .text.motorCmdLeft
                0x00000000080028ac       0x84 src/motor.o
                0x00000000080028ac                motorCmdLeft
 .text.motorSpeedUpdateLeft
                0x0000000008002930       0x12 src/motor.o
                0x0000000008002930                motorSpeedUpdateLeft
 .text.motorSpeedUpdateRight
                0x0000000008002942       0x12 src/motor.o
                0x0000000008002942                motorSpeedUpdateRight
 .text.motorRegulation
                0x0000000008002954      0x140 src/motor.o
                0x0000000008002954                motorRegulation
 .text.TIM1_CC_IRQHandler
                0x0000000008002a94       0x64 src/motor.o
                0x0000000008002a94                TIM1_CC_IRQHandler
 .text.motorManagement
                0x0000000008002af8      0x1f4 src/motor.o
                0x0000000008002af8                motorManagement
 .text.NMI_Handler
                0x0000000008002cec        0xc src/stm32f1xx_it.o
                0x0000000008002cec                NMI_Handler
 .text.HardFault_Handler
                0x0000000008002cf8        0x6 src/stm32f1xx_it.o
                0x0000000008002cf8                HardFault_Handler
 .text.MemManage_Handler
                0x0000000008002cfe        0x6 src/stm32f1xx_it.o
                0x0000000008002cfe                MemManage_Handler
 .text.BusFault_Handler
                0x0000000008002d04        0x6 src/stm32f1xx_it.o
                0x0000000008002d04                BusFault_Handler
 .text.UsageFault_Handler
                0x0000000008002d0a        0x6 src/stm32f1xx_it.o
                0x0000000008002d0a                UsageFault_Handler
 .text.SVC_Handler
                0x0000000008002d10        0xc src/stm32f1xx_it.o
                0x0000000008002d10                SVC_Handler
 .text.DebugMon_Handler
                0x0000000008002d1c        0xc src/stm32f1xx_it.o
                0x0000000008002d1c                DebugMon_Handler
 .text.PendSV_Handler
                0x0000000008002d28        0xc src/stm32f1xx_it.o
                0x0000000008002d28                PendSV_Handler
 .text._sbrk    0x0000000008002d34       0x24 src/syscalls.o
                0x0000000008002d34                _sbrk
 .text.systemConfigure
                0x0000000008002d58       0x94 src/system_dumby.o
                0x0000000008002d58                systemConfigure
 .text.systemShutDown
                0x0000000008002dec       0x14 src/system_dumby.o
                0x0000000008002dec                systemShutDown
 .text.systemChangeState
                0x0000000008002e00       0xe0 src/system_dumby.o
                0x0000000008002e00                systemChangeState
 .text.systemResetWatchdog
                0x0000000008002ee0       0x58 src/system_dumby.o
                0x0000000008002ee0                systemResetWatchdog
 .text.SysTick_Handler
                0x0000000008002f38       0xd8 src/system_dumby.o
                0x0000000008002f38                SysTick_Handler
 .text.ts_itoa  0x0000000008003010       0x40 src/tiny_printf.o
                0x0000000008003010                ts_itoa
 .text.ts_formatstring
                0x0000000008003050       0xdc src/tiny_printf.o
                0x0000000008003050                ts_formatstring
 .text.siprintf
                0x000000000800312c       0x1c src/tiny_printf.o
                0x000000000800312c                sprintf
                0x000000000800312c                siprintf
 .text.usartConfigure
                0x0000000008003148       0xac src/usart.o
                0x0000000008003148                usartConfigure
 .text.usartInitDMA
                0x00000000080031f4       0x4c src/usart.o
                0x00000000080031f4                usartInitDMA
 .text.usartSendData
                0x0000000008003240       0x58 src/usart.o
                0x0000000008003240                usartSendData
 .text.USART1_IRQHandler
                0x0000000008003298       0xc4 src/usart.o
                0x0000000008003298                USART1_IRQHandler
 .text.Reset_Handler
                0x000000000800335c       0x50 system/startup_stm32f10x_ld.o
                0x000000000800335c                Reset_Handler
 .text.Default_Handler
                0x00000000080033ac        0x2 system/startup_stm32f10x_ld.o
                0x00000000080033ac                EXTI2_IRQHandler
                0x00000000080033ac                PVD_IRQHandler
                0x00000000080033ac                EXTI3_IRQHandler
                0x00000000080033ac                EXTI0_IRQHandler
                0x00000000080033ac                ADC1_2_IRQHandler
                0x00000000080033ac                SPI1_IRQHandler
                0x00000000080033ac                TAMPER_IRQHandler
                0x00000000080033ac                DMA1_Channel4_IRQHandler
                0x00000000080033ac                RTC_IRQHandler
                0x00000000080033ac                DMA1_Channel7_IRQHandler
                0x00000000080033ac                CAN1_RX1_IRQHandler
                0x00000000080033ac                I2C1_EV_IRQHandler
                0x00000000080033ac                DMA1_Channel6_IRQHandler
                0x00000000080033ac                TIM3_IRQHandler
                0x00000000080033ac                RCC_IRQHandler
                0x00000000080033ac                TIM1_TRG_COM_IRQHandler
                0x00000000080033ac                Default_Handler
                0x00000000080033ac                EXTI9_5_IRQHandler
                0x00000000080033ac                DMA1_Channel5_IRQHandler
                0x00000000080033ac                EXTI4_IRQHandler
                0x00000000080033ac                USB_LP_CAN1_RX0_IRQHandler
                0x00000000080033ac                USB_HP_CAN1_TX_IRQHandler
                0x00000000080033ac                DMA1_Channel3_IRQHandler
                0x00000000080033ac                TIM1_UP_IRQHandler
                0x00000000080033ac                WWDG_IRQHandler
                0x00000000080033ac                TIM2_IRQHandler
                0x00000000080033ac                TIM1_BRK_IRQHandler
                0x00000000080033ac                EXTI1_IRQHandler
                0x00000000080033ac                RTCAlarm_IRQHandler
                0x00000000080033ac                USART2_IRQHandler
                0x00000000080033ac                DMA1_Channel2_IRQHandler
                0x00000000080033ac                CAN1_SCE_IRQHandler
                0x00000000080033ac                FLASH_IRQHandler
                0x00000000080033ac                I2C1_ER_IRQHandler
                0x00000000080033ac                USBWakeUp_IRQHandler
 *fill*         0x00000000080033ae        0x2 
 .text.SystemInit
                0x00000000080033b0       0x4c system/system_stm32f10x.o
                0x00000000080033b0                SystemInit
 .text.__libc_init_array
                0x00000000080033fc       0x48 /opt/Atollic_TrueSTUDIO_for_STM32_x86_64_9.0.0/ARMTools/bin/../lib/gcc/arm-atollic-eabi/6.3.1/../../../../arm-atollic-eabi/lib/armv7-m/libc_nano.a(lib_a-init.o)
                0x00000000080033fc                __libc_init_array
 .text.sscanf   0x0000000008003444       0x54 /opt/Atollic_TrueSTUDIO_for_STM32_x86_64_9.0.0/ARMTools/bin/../lib/gcc/arm-atollic-eabi/6.3.1/../../../../arm-atollic-eabi/lib/armv7-m/libc_nano.a(lib_a-sscanf.o)
                0x0000000008003444                sscanf
                0x0000000008003444                siscanf
 .text.__seofread
                0x0000000008003498        0x4 /opt/Atollic_TrueSTUDIO_for_STM32_x86_64_9.0.0/ARMTools/bin/../lib/gcc/arm-atollic-eabi/6.3.1/../../../../arm-atollic-eabi/lib/armv7-m/libc_nano.a(lib_a-stdio.o)
                0x0000000008003498                __seofread
 .text.strcpy   0x000000000800349c       0x10 /opt/Atollic_TrueSTUDIO_for_STM32_x86_64_9.0.0/ARMTools/bin/../lib/gcc/arm-atollic-eabi/6.3.1/../../../../arm-atollic-eabi/lib/armv7-m/libc_nano.a(lib_a-strcpy.o)
                0x000000000800349c                strcpy
 .text._free_r  0x00000000080034ac       0x98 /opt/Atollic_TrueSTUDIO_for_STM32_x86_64_9.0.0/ARMTools/bin/../lib/gcc/arm-atollic-eabi/6.3.1/../../../../arm-atollic-eabi/lib/armv7-m/libc_nano.a(lib_a-nano-freer.o)
                0x00000000080034ac                _free_r
 .text._malloc_r
                0x0000000008003544       0xbc /opt/Atollic_TrueSTUDIO_for_STM32_x86_64_9.0.0/ARMTools/bin/../lib/gcc/arm-atollic-eabi/6.3.1/../../../../arm-atollic-eabi/lib/armv7-m/libc_nano.a(lib_a-nano-mallocr.o)
                0x0000000008003544                _malloc_r
 .text._sungetc_r
                0x0000000008003600       0x7a /opt/Atollic_TrueSTUDIO_for_STM32_x86_64_9.0.0/ARMTools/bin/../lib/gcc/arm-atollic-eabi/6.3.1/../../../../arm-atollic-eabi/lib/armv7-m/libc_nano.a(lib_a-nano-svfscanf.o)
                0x0000000008003600                _sungetc_r
 .text.__ssrefill_r
                0x000000000800367a       0x3a /opt/Atollic_TrueSTUDIO_for_STM32_x86_64_9.0.0/ARMTools/bin/../lib/gcc/arm-atollic-eabi/6.3.1/../../../../arm-atollic-eabi/lib/armv7-m/libc_nano.a(lib_a-nano-svfscanf.o)
                0x000000000800367a                __ssrefill_r
 .text.__ssvfscanf_r
                0x00000000080036b4      0x2a8 /opt/Atollic_TrueSTUDIO_for_STM32_x86_64_9.0.0/ARMTools/bin/../lib/gcc/arm-atollic-eabi/6.3.1/../../../../arm-atollic-eabi/lib/armv7-m/libc_nano.a(lib_a-nano-svfscanf.o)
                0x00000000080036b4                __ssvfscanf_r
                0x00000000080036b4                __ssvfiscanf_r
 .text._scanf_chars
                0x000000000800395c       0xc6 /opt/Atollic_TrueSTUDIO_for_STM32_x86_64_9.0.0/ARMTools/bin/../lib/gcc/arm-atollic-eabi/6.3.1/../../../../arm-atollic-eabi/lib/armv7-m/libc_nano.a(lib_a-nano-vfscanf_i.o)
                0x000000000800395c                _scanf_chars
 *fill*         0x0000000008003a22        0x2 
 .text._scanf_i
                0x0000000008003a24      0x1ec /opt/Atollic_TrueSTUDIO_for_STM32_x86_64_9.0.0/ARMTools/bin/../lib/gcc/arm-atollic-eabi/6.3.1/../../../../arm-atollic-eabi/lib/armv7-m/libc_nano.a(lib_a-nano-vfscanf_i.o)
                0x0000000008003a24                _scanf_i
 .text._sbrk_r  0x0000000008003c10       0x20 /opt/Atollic_TrueSTUDIO_for_STM32_x86_64_9.0.0/ARMTools/bin/../lib/gcc/arm-atollic-eabi/6.3.1/../../../../arm-atollic-eabi/lib/armv7-m/libc_nano.a(lib_a-sbrkr.o)
                0x0000000008003c10                _sbrk_r
 .text.__sccl   0x0000000008003c30       0x5e /opt/Atollic_TrueSTUDIO_for_STM32_x86_64_9.0.0/ARMTools/bin/../lib/gcc/arm-atollic-eabi/6.3.1/../../../../arm-atollic-eabi/lib/armv7-m/libc_nano.a(lib_a-sccl.o)
                0x0000000008003c30                __sccl
 .text._strtol_l.isra.0
                0x0000000008003c8e      0x100 /opt/Atollic_TrueSTUDIO_for_STM32_x86_64_9.0.0/ARMTools/bin/../lib/gcc/arm-atollic-eabi/6.3.1/../../../../arm-atollic-eabi/lib/armv7-m/libc_nano.a(lib_a-strtol.o)
 *fill*         0x0000000008003d8e        0x2 
 .text._strtol_r
                0x0000000008003d90       0x24 /opt/Atollic_TrueSTUDIO_for_STM32_x86_64_9.0.0/ARMTools/bin/../lib/gcc/arm-atollic-eabi/6.3.1/../../../../arm-atollic-eabi/lib/armv7-m/libc_nano.a(lib_a-strtol.o)
                0x0000000008003d90                _strtol_r
 .text._strtoul_l.isra.0
                0x0000000008003db4       0xfa /opt/Atollic_TrueSTUDIO_for_STM32_x86_64_9.0.0/ARMTools/bin/../lib/gcc/arm-atollic-eabi/6.3.1/../../../../arm-atollic-eabi/lib/armv7-m/libc_nano.a(lib_a-strtoul.o)
 *fill*         0x0000000008003eae        0x2 
 .text._strtoul_r
                0x0000000008003eb0       0x24 /opt/Atollic_TrueSTUDIO_for_STM32_x86_64_9.0.0/ARMTools/bin/../lib/gcc/arm-atollic-eabi/6.3.1/../../../../arm-atollic-eabi/lib/armv7-m/libc_nano.a(lib_a-strtoul.o)
                0x0000000008003eb0                _strtoul_r
 .text.__submore
                0x0000000008003ed4       0x72 /opt/Atollic_TrueSTUDIO_for_STM32_x86_64_9.0.0/ARMTools/bin/../lib/gcc/arm-atollic-eabi/6.3.1/../../../../arm-atollic-eabi/lib/armv7-m/libc_nano.a(lib_a-ungetc.o)
                0x0000000008003ed4                __submore
 .text.__locale_ctype_ptr_l
                0x0000000008003f46        0x6 /opt/Atollic_TrueSTUDIO_for_STM32_x86_64_9.0.0/ARMTools/bin/../lib/gcc/arm-atollic-eabi/6.3.1/../../../../arm-atollic-eabi/lib/armv7-m/libc_nano.a(lib_a-locale.o)
                0x0000000008003f46                __locale_ctype_ptr_l
 .text.__locale_ctype_ptr
                0x0000000008003f4c       0x1c /opt/Atollic_TrueSTUDIO_for_STM32_x86_64_9.0.0/ARMTools/bin/../lib/gcc/arm-atollic-eabi/6.3.1/../../../../arm-atollic-eabi/lib/armv7-m/libc_nano.a(lib_a-locale.o)
                0x0000000008003f4c                __locale_ctype_ptr
 .text.__ascii_mbtowc
                0x0000000008003f68       0x24 /opt/Atollic_TrueSTUDIO_for_STM32_x86_64_9.0.0/ARMTools/bin/../lib/gcc/arm-atollic-eabi/6.3.1/../../../../arm-atollic-eabi/lib/armv7-m/libc_nano.a(lib_a-mbtowc_r.o)
                0x0000000008003f68                __ascii_mbtowc
 .text.memchr   0x0000000008003f8c       0x1c /opt/Atollic_TrueSTUDIO_for_STM32_x86_64_9.0.0/ARMTools/bin/../lib/gcc/arm-atollic-eabi/6.3.1/../../../../arm-atollic-eabi/lib/armv7-m/libc_nano.a(lib_a-memchr-stub.o)
                0x0000000008003f8c                memchr
 .text.memcpy   0x0000000008003fa8       0x16 /opt/Atollic_TrueSTUDIO_for_STM32_x86_64_9.0.0/ARMTools/bin/../lib/gcc/arm-atollic-eabi/6.3.1/../../../../arm-atollic-eabi/lib/armv7-m/libc_nano.a(lib_a-memcpy-stub.o)
                0x0000000008003fa8                memcpy
 .text.__malloc_lock
                0x0000000008003fbe        0x2 /opt/Atollic_TrueSTUDIO_for_STM32_x86_64_9.0.0/ARMTools/bin/../lib/gcc/arm-atollic-eabi/6.3.1/../../../../arm-atollic-eabi/lib/armv7-m/libc_nano.a(lib_a-mlock.o)
                0x0000000008003fbe                __malloc_lock
 .text.__malloc_unlock
                0x0000000008003fc0        0x2 /opt/Atollic_TrueSTUDIO_for_STM32_x86_64_9.0.0/ARMTools/bin/../lib/gcc/arm-atollic-eabi/6.3.1/../../../../arm-atollic-eabi/lib/armv7-m/libc_nano.a(lib_a-mlock.o)
                0x0000000008003fc0                __malloc_unlock
 .text._realloc_r
                0x0000000008003fc2       0x4c /opt/Atollic_TrueSTUDIO_for_STM32_x86_64_9.0.0/ARMTools/bin/../lib/gcc/arm-atollic-eabi/6.3.1/../../../../arm-atollic-eabi/lib/armv7-m/libc_nano.a(lib_a-nano-reallocr.o)
                0x0000000008003fc2                _realloc_r
 .text.__ascii_wctomb
                0x000000000800400e       0x1a /opt/Atollic_TrueSTUDIO_for_STM32_x86_64_9.0.0/ARMTools/bin/../lib/gcc/arm-atollic-eabi/6.3.1/../../../../arm-atollic-eabi/lib/armv7-m/libc_nano.a(lib_a-wctomb_r.o)
                0x000000000800400e                __ascii_wctomb
 .text._malloc_usable_size_r
                0x0000000008004028       0x12 /opt/Atollic_TrueSTUDIO_for_STM32_x86_64_9.0.0/ARMTools/bin/../lib/gcc/arm-atollic-eabi/6.3.1/../../../../arm-atollic-eabi/lib/armv7-m/libc_nano.a(lib_a-nano-msizer.o)
                0x0000000008004028                _malloc_usable_size_r
 *(.glue_7)
 .glue_7        0x000000000800403a        0x0 linker stubs
 *(.glue_7t)
 .glue_7t       0x000000000800403a        0x0 linker stubs
 *(.eh_frame)
 *fill*         0x000000000800403a        0x2 
 .eh_frame      0x000000000800403c        0x0 /opt/Atollic_TrueSTUDIO_for_STM32_x86_64_9.0.0/ARMTools/bin/../lib/gcc/arm-atollic-eabi/6.3.1/armv7-m/crtbegin.o
 *(.init)
 .init          0x000000000800403c        0x4 /opt/Atollic_TrueSTUDIO_for_STM32_x86_64_9.0.0/ARMTools/bin/../lib/gcc/arm-atollic-eabi/6.3.1/armv7-m/crti.o
                0x000000000800403c                _init
 .init          0x0000000008004040        0x8 /opt/Atollic_TrueSTUDIO_for_STM32_x86_64_9.0.0/ARMTools/bin/../lib/gcc/arm-atollic-eabi/6.3.1/armv7-m/crtn.o
 *(.fini)
 .fini          0x0000000008004048        0x4 /opt/Atollic_TrueSTUDIO_for_STM32_x86_64_9.0.0/ARMTools/bin/../lib/gcc/arm-atollic-eabi/6.3.1/armv7-m/crti.o
                0x0000000008004048                _fini
 .fini          0x000000000800404c        0x8 /opt/Atollic_TrueSTUDIO_for_STM32_x86_64_9.0.0/ARMTools/bin/../lib/gcc/arm-atollic-eabi/6.3.1/armv7-m/crtn.o
                0x0000000008004054                . = ALIGN (0x4)
                0x0000000008004054                _etext = .

.vfp11_veneer   0x0000000008004054        0x0
 .vfp11_veneer  0x0000000008004054        0x0 linker stubs

.v4_bx          0x0000000008004054        0x0
 .v4_bx         0x0000000008004054        0x0 linker stubs

.iplt           0x0000000008004054        0x0
 .iplt          0x0000000008004054        0x0 /opt/Atollic_TrueSTUDIO_for_STM32_x86_64_9.0.0/ARMTools/bin/../lib/gcc/arm-atollic-eabi/6.3.1/armv7-m/crtbegin.o

.rodata         0x0000000008004054      0x1ec
                0x0000000008004054                . = ALIGN (0x4)
 *(.rodata)
 .rodata        0x0000000008004054        0xc /opt/Atollic_TrueSTUDIO_for_STM32_x86_64_9.0.0/ARMTools/bin/../lib/gcc/arm-atollic-eabi/6.3.1/../../../../arm-atollic-eabi/lib/armv7-m/libc_nano.a(lib_a-nano-vfscanf_i.o)
 *(.rodata*)
 .rodata.cmdBusyStateAction.str1.4
                0x0000000008004060        0x7 src/cmdManager.o
 *fill*         0x0000000008004067        0x1 
 .rodata.cmdDebugAction.str1.4
                0x0000000008004068       0x1e src/cmdManager.o
 *fill*         0x0000000008004086        0x2 
 .rodata.cmdManage.str1.4
                0x0000000008004088        0x3 src/cmdManager.o
 *fill*         0x000000000800408b        0x1 
 .rodata.cmdMoveAction.str1.4
                0x000000000800408c        0x6 src/cmdManager.o
 *fill*         0x0000000008004092        0x2 
 .rodata.cmdPingAction.str1.4
                0x0000000008004094        0x7 src/cmdManager.o
 *fill*         0x000000000800409b        0x1 
 .rodata.cmdTurnAction.str1.4
                0x000000000800409c        0x6 src/cmdManager.o
 *fill*         0x00000000080040a2        0x2 
 .rodata.cmdVersionAction.str1.4
                0x00000000080040a4       0x10 src/cmdManager.o
                                          0xd (size before relaxing)
 .rodata.__ssvfscanf_r.str1.1
                0x00000000080040b4        0x4 /opt/Atollic_TrueSTUDIO_for_STM32_x86_64_9.0.0/ARMTools/bin/../lib/gcc/arm-atollic-eabi/6.3.1/../../../../arm-atollic-eabi/lib/armv7-m/libc_nano.a(lib_a-nano-svfscanf.o)
 .rodata._scanf_i.str1.1
                0x00000000080040b8       0x12 /opt/Atollic_TrueSTUDIO_for_STM32_x86_64_9.0.0/ARMTools/bin/../lib/gcc/arm-atollic-eabi/6.3.1/../../../../arm-atollic-eabi/lib/armv7-m/libc_nano.a(lib_a-nano-vfscanf_i.o)
 .rodata.str1.1
                0x00000000080040ca        0x9 /opt/Atollic_TrueSTUDIO_for_STM32_x86_64_9.0.0/ARMTools/bin/../lib/gcc/arm-atollic-eabi/6.3.1/../../../../arm-atollic-eabi/lib/armv7-m/libc_nano.a(lib_a-nano-vfscanf_i.o)
 *fill*         0x00000000080040d3        0x1 
 .rodata.__sf_fake_stderr
                0x00000000080040d4       0x20 /opt/Atollic_TrueSTUDIO_for_STM32_x86_64_9.0.0/ARMTools/bin/../lib/gcc/arm-atollic-eabi/6.3.1/../../../../arm-atollic-eabi/lib/armv7-m/libc_nano.a(lib_a-findfp.o)
                0x00000000080040d4                __sf_fake_stderr
 .rodata.__sf_fake_stdin
                0x00000000080040f4       0x20 /opt/Atollic_TrueSTUDIO_for_STM32_x86_64_9.0.0/ARMTools/bin/../lib/gcc/arm-atollic-eabi/6.3.1/../../../../arm-atollic-eabi/lib/armv7-m/libc_nano.a(lib_a-findfp.o)
                0x00000000080040f4                __sf_fake_stdin
 .rodata.__sf_fake_stdout
                0x0000000008004114       0x20 /opt/Atollic_TrueSTUDIO_for_STM32_x86_64_9.0.0/ARMTools/bin/../lib/gcc/arm-atollic-eabi/6.3.1/../../../../arm-atollic-eabi/lib/armv7-m/libc_nano.a(lib_a-findfp.o)
                0x0000000008004114                __sf_fake_stdout
 .rodata._setlocale_r.str1.1
                0x0000000008004134        0x8 /opt/Atollic_TrueSTUDIO_for_STM32_x86_64_9.0.0/ARMTools/bin/../lib/gcc/arm-atollic-eabi/6.3.1/../../../../arm-atollic-eabi/lib/armv7-m/libc_nano.a(lib_a-locale.o)
                                          0x9 (size before relaxing)
 .rodata.str1.1
                0x000000000800413c        0x2 /opt/Atollic_TrueSTUDIO_for_STM32_x86_64_9.0.0/ARMTools/bin/../lib/gcc/arm-atollic-eabi/6.3.1/../../../../arm-atollic-eabi/lib/armv7-m/libc_nano.a(lib_a-locale.o)
 .rodata._ctype_
                0x000000000800413e      0x101 /opt/Atollic_TrueSTUDIO_for_STM32_x86_64_9.0.0/ARMTools/bin/../lib/gcc/arm-atollic-eabi/6.3.1/../../../../arm-atollic-eabi/lib/armv7-m/libc_nano.a(lib_a-ctype_.o)
                0x000000000800413e                _ctype_
                0x0000000008004240                . = ALIGN (0x4)
 *fill*         0x000000000800423f        0x1 

.rel.dyn        0x0000000008004240        0x0
 .rel.iplt      0x0000000008004240        0x0 /opt/Atollic_TrueSTUDIO_for_STM32_x86_64_9.0.0/ARMTools/bin/../lib/gcc/arm-atollic-eabi/6.3.1/armv7-m/crtbegin.o

.ARM.extab
 *(.ARM.extab* .gnu.linkonce.armextab.*)

.ARM            0x0000000008004240        0x0
                0x0000000008004240                __exidx_start = .
 *(.ARM.exidx*)
                0x0000000008004240                __exidx_end = .

.preinit_array  0x0000000008004240        0x0
                0x0000000008004240                PROVIDE (__preinit_array_start, .)
 *(.preinit_array*)
                0x0000000008004240                PROVIDE (__preinit_array_end, .)

.init_array     0x0000000008004240        0x4
                0x0000000008004240                PROVIDE (__init_array_start, .)
 *(SORT(.init_array.*))
 *(.init_array*)
 .init_array    0x0000000008004240        0x4 /opt/Atollic_TrueSTUDIO_for_STM32_x86_64_9.0.0/ARMTools/bin/../lib/gcc/arm-atollic-eabi/6.3.1/armv7-m/crtbegin.o
                0x0000000008004244                PROVIDE (__init_array_end, .)

.fini_array     0x0000000008004244        0x4
                [!provide]                        PROVIDE (__fini_array_start, .)
 *(SORT(.fini_array.*))
 *(.fini_array*)
 .fini_array    0x0000000008004244        0x4 /opt/Atollic_TrueSTUDIO_for_STM32_x86_64_9.0.0/ARMTools/bin/../lib/gcc/arm-atollic-eabi/6.3.1/armv7-m/crtbegin.o
                [!provide]                        PROVIDE (__fini_array_end, .)
                0x0000000008004248                _sidata = LOADADDR (.data)

.data           0x0000000020000000      0x1ec load address 0x0000000008004248
                0x0000000020000000                . = ALIGN (0x4)
                0x0000000020000000                _sdata = .
 *(.data)
 *(.data*)
 .data.ADCPrescTable
                0x0000000020000000        0x4 Libraries/STM32F10x_StdPeriph_Driver/src/stm32f10x_rcc.o
 .data.APBAHBPrescTable
                0x0000000020000004       0x10 Libraries/STM32F10x_StdPeriph_Driver/src/stm32f10x_rcc.o
 .data.G_speedLeft
                0x0000000020000014        0x2 src/motor.o
                0x0000000020000014                G_speedLeft
 .data.G_speedRight
                0x0000000020000016        0x2 src/motor.o
                0x0000000020000016                G_speedRight
 .data.SystemCoreClock
                0x0000000020000018        0x4 system/system_stm32f10x.o
                0x0000000020000018                SystemCoreClock
 .data._impure_ptr
                0x000000002000001c        0x4 /opt/Atollic_TrueSTUDIO_for_STM32_x86_64_9.0.0/ARMTools/bin/../lib/gcc/arm-atollic-eabi/6.3.1/../../../../arm-atollic-eabi/lib/armv7-m/libc_nano.a(lib_a-impure.o)
                0x000000002000001c                _impure_ptr
 .data.impure_data
                0x0000000020000020       0x60 /opt/Atollic_TrueSTUDIO_for_STM32_x86_64_9.0.0/ARMTools/bin/../lib/gcc/arm-atollic-eabi/6.3.1/../../../../arm-atollic-eabi/lib/armv7-m/libc_nano.a(lib_a-impure.o)
 .data.__global_locale
                0x0000000020000080      0x16c /opt/Atollic_TrueSTUDIO_for_STM32_x86_64_9.0.0/ARMTools/bin/../lib/gcc/arm-atollic-eabi/6.3.1/../../../../arm-atollic-eabi/lib/armv7-m/libc_nano.a(lib_a-locale.o)
                0x0000000020000080                __global_locale
                0x00000000200001ec                . = ALIGN (0x4)
                0x00000000200001ec                _edata = .

.igot.plt       0x00000000200001ec        0x0 load address 0x0000000008004434
 .igot.plt      0x00000000200001ec        0x0 /opt/Atollic_TrueSTUDIO_for_STM32_x86_64_9.0.0/ARMTools/bin/../lib/gcc/arm-atollic-eabi/6.3.1/armv7-m/crtbegin.o
                0x00000000200001ec                . = ALIGN (0x4)

.bss            0x00000000200001ec      0x1a8 load address 0x0000000008004434
                0x00000000200001ec                _sbss = .
                0x00000000200001ec                __bss_start__ = _sbss
 *(.bss)
 .bss           0x00000000200001ec       0x1c /opt/Atollic_TrueSTUDIO_for_STM32_x86_64_9.0.0/ARMTools/bin/../lib/gcc/arm-atollic-eabi/6.3.1/armv7-m/crtbegin.o
 *(.bss*)
 .bss.cptMesureDisable
                0x0000000020000208        0x1 src/battery.o
                0x0000000020000208                cptMesureDisable
 *fill*         0x0000000020000209        0x3 
 .bss.cptMesureEmergencyHalt
                0x000000002000020c        0x4 src/battery.o
                0x000000002000020c                cptMesureEmergencyHalt
 .bss.cptMesureHigh
                0x0000000020000210        0x1 src/battery.o
                0x0000000020000210                cptMesureHigh
 .bss.cptMesureLow
                0x0000000020000211        0x1 src/battery.o
                0x0000000020000211                cptMesureLow
 .bss.ledCounter.6636
                0x0000000020000212        0x1 src/led.o
 *fill*         0x0000000020000213        0x1 
 .bss.integration1
                0x0000000020000214        0x4 src/motor.o
                0x0000000020000214                integration1
 .bss.integration2
                0x0000000020000218        0x4 src/motor.o
                0x0000000020000218                integration2
 .bss.motD      0x000000002000021c        0x4 src/motor.o
                0x000000002000021c                motD
 .bss.motG      0x0000000020000220        0x4 src/motor.o
                0x0000000020000220                motG
 .bss.tourD     0x0000000020000224        0x2 src/motor.o
                0x0000000020000224                tourD
 .bss.tourG     0x0000000020000226        0x2 src/motor.o
                0x0000000020000226                tourG
 .bss.heap_end.5889
                0x0000000020000228        0x4 src/syscalls.o
 .bss.cpt_Rx    0x000000002000022c        0x2 src/usart.o
                0x000000002000022c                cpt_Rx
 *fill*         0x000000002000022e        0x2 
 .bss.__malloc_free_list
                0x0000000020000230        0x4 /opt/Atollic_TrueSTUDIO_for_STM32_x86_64_9.0.0/ARMTools/bin/../lib/gcc/arm-atollic-eabi/6.3.1/../../../../arm-atollic-eabi/lib/armv7-m/libc_nano.a(lib_a-nano-mallocr.o)
                0x0000000020000230                __malloc_free_list
 .bss.__malloc_sbrk_start
                0x0000000020000234        0x4 /opt/Atollic_TrueSTUDIO_for_STM32_x86_64_9.0.0/ARMTools/bin/../lib/gcc/arm-atollic-eabi/6.3.1/../../../../arm-atollic-eabi/lib/armv7-m/libc_nano.a(lib_a-nano-mallocr.o)
                0x0000000020000234                __malloc_sbrk_start
 *(COMMON)
 COMMON         0x0000000020000238       0xbe src/battery.o
                0x0000000020000238                DMA_BAT_InitStructure
                0x0000000020000264                ADCConvertedValue
                0x00000000200002e4                vbatHighVal
                0x00000000200002e8                mesureVoltage
                0x00000000200002ec                vbatLowerVal
                0x00000000200002f0                meanVoltage
                0x00000000200002f4                vbatDiff
 *fill*         0x00000000200002f6        0x2 
 COMMON         0x00000000200002f8       0x1e src/led.o
                0x00000000200002f8                TIM_TimeBaseLED
                0x0000000020000304                TIM_OCConfigure
                0x0000000020000314                LEDON
                0x0000000020000315                etatLED
 *fill*         0x0000000020000316        0x2 
 COMMON         0x0000000020000318       0x16 src/motor.o
                0x0000000020000318                tourPositionD
                0x000000002000031a                asservissement
                0x000000002000031c                regulation_vitesseG
                0x000000002000031e                G_lapsLeft
                0x0000000020000320                erreurD
                0x0000000020000324                erreurG
                0x0000000020000328                tourPositionG
                0x000000002000032a                regulation_vitesseD
                0x000000002000032c                G_lapsRight
 *fill*         0x000000002000032e        0x2 
 COMMON         0x0000000020000330       0x18 src/system_dumby.o
                0x0000000020000330                Dumber
 COMMON         0x0000000020000348       0x46 src/usart.o
                0x0000000020000348                tmp
                0x000000002000034c                receiptString
                0x000000002000036a                i
                0x000000002000036c                test
                0x0000000020000370                sendString
 *fill*         0x000000002000038e        0x2 
 COMMON         0x0000000020000390        0x4 /opt/Atollic_TrueSTUDIO_for_STM32_x86_64_9.0.0/ARMTools/bin/../lib/gcc/arm-atollic-eabi/6.3.1/../../../../arm-atollic-eabi/lib/armv7-m/libc_nano.a(lib_a-reent.o)
                0x0000000020000390                errno
                0x0000000020000394                . = ALIGN (0x4)
                0x0000000020000394                _ebss = .
                0x0000000020000394                __bss_end__ = _ebss

._user_heap_stack
                0x0000000020000394      0x100 load address 0x0000000008004434
                0x0000000020000394                . = ALIGN (0x4)
                0x0000000020000394                PROVIDE (end, .)
                [!provide]                        PROVIDE (_end, .)
                0x0000000020000394                . = (. + _Min_Heap_Size)
                0x0000000020000494                . = (. + _Min_Stack_Size)
 *fill*         0x0000000020000394      0x100 
                0x0000000020000494                . = ALIGN (0x4)

.memory_b1_text
 *(.mb1text)
 *(.mb1text*)
 *(.mb1rodata)
 *(.mb1rodata*)

/DISCARD/
 libc.a(*)
 libm.a(*)
 libgcc.a(*)

.ARM.attributes
                0x0000000000000000       0x29
 *(.ARM.attributes)
 .ARM.attributes
                0x0000000000000000       0x1d /opt/Atollic_TrueSTUDIO_for_STM32_x86_64_9.0.0/ARMTools/bin/../lib/gcc/arm-atollic-eabi/6.3.1/armv7-m/crti.o
 .ARM.attributes
                0x000000000000001d       0x2d /opt/Atollic_TrueSTUDIO_for_STM32_x86_64_9.0.0/ARMTools/bin/../lib/gcc/arm-atollic-eabi/6.3.1/armv7-m/crtbegin.o
 .ARM.attributes
                0x000000000000004a       0x33 Libraries/STM32F10x_StdPeriph_Driver/src/misc.o
 .ARM.attributes
                0x000000000000007d       0x33 Libraries/STM32F10x_StdPeriph_Driver/src/stm32f10x_adc.o
 .ARM.attributes
                0x00000000000000b0       0x33 Libraries/STM32F10x_StdPeriph_Driver/src/stm32f10x_dma.o
 .ARM.attributes
                0x00000000000000e3       0x33 Libraries/STM32F10x_StdPeriph_Driver/src/stm32f10x_exti.o
 .ARM.attributes
                0x0000000000000116       0x33 Libraries/STM32F10x_StdPeriph_Driver/src/stm32f10x_gpio.o
 .ARM.attributes
                0x0000000000000149       0x33 Libraries/STM32F10x_StdPeriph_Driver/src/stm32f10x_rcc.o
 .ARM.attributes
                0x000000000000017c       0x33 Libraries/STM32F10x_StdPeriph_Driver/src/stm32f10x_tim.o
 .ARM.attributes
                0x00000000000001af       0x33 Libraries/STM32F10x_StdPeriph_Driver/src/stm32f10x_usart.o
 .ARM.attributes
                0x00000000000001e2       0x33 src/battery.o
 .ARM.attributes
                0x0000000000000215       0x33 src/cmdManager.o
 .ARM.attributes
                0x0000000000000248       0x33 src/led.o
 .ARM.attributes
                0x000000000000027b       0x33 src/main.o
 .ARM.attributes
                0x00000000000002ae       0x33 src/motor.o
 .ARM.attributes
                0x00000000000002e1       0x33 src/stm32f1xx_it.o
 .ARM.attributes
                0x0000000000000314       0x33 src/syscalls.o
 .ARM.attributes
                0x0000000000000347       0x33 src/system_dumby.o
 .ARM.attributes
                0x000000000000037a       0x33 src/tiny_printf.o
 .ARM.attributes
                0x00000000000003ad       0x33 src/usart.o
 .ARM.attributes
                0x00000000000003e0       0x21 system/startup_stm32f10x_ld.o
 .ARM.attributes
                0x0000000000000401       0x33 system/system_stm32f10x.o
 .ARM.attributes
                0x0000000000000434       0x2d /opt/Atollic_TrueSTUDIO_for_STM32_x86_64_9.0.0/ARMTools/bin/../lib/gcc/arm-atollic-eabi/6.3.1/../../../../arm-atollic-eabi/lib/armv7-m/libc_nano.a(lib_a-init.o)
 .ARM.attributes
                0x0000000000000461       0x2d /opt/Atollic_TrueSTUDIO_for_STM32_x86_64_9.0.0/ARMTools/bin/../lib/gcc/arm-atollic-eabi/6.3.1/../../../../arm-atollic-eabi/lib/armv7-m/libc_nano.a(lib_a-reent.o)
 .ARM.attributes
                0x000000000000048e       0x2d /opt/Atollic_TrueSTUDIO_for_STM32_x86_64_9.0.0/ARMTools/bin/../lib/gcc/arm-atollic-eabi/6.3.1/../../../../arm-atollic-eabi/lib/armv7-m/libc_nano.a(lib_a-sscanf.o)
 .ARM.attributes
                0x00000000000004bb       0x2d /opt/Atollic_TrueSTUDIO_for_STM32_x86_64_9.0.0/ARMTools/bin/../lib/gcc/arm-atollic-eabi/6.3.1/../../../../arm-atollic-eabi/lib/armv7-m/libc_nano.a(lib_a-stdio.o)
 .ARM.attributes
                0x00000000000004e8       0x2d /opt/Atollic_TrueSTUDIO_for_STM32_x86_64_9.0.0/ARMTools/bin/../lib/gcc/arm-atollic-eabi/6.3.1/../../../../arm-atollic-eabi/lib/armv7-m/libc_nano.a(lib_a-strcpy.o)
 .ARM.attributes
                0x0000000000000515       0x17 /opt/Atollic_TrueSTUDIO_for_STM32_x86_64_9.0.0/ARMTools/bin/../lib/gcc/arm-atollic-eabi/6.3.1/../../../../arm-atollic-eabi/lib/armv7-m/libc_nano.a(lib_a-strlen.o)
 .ARM.attributes
                0x000000000000052c       0x2d /opt/Atollic_TrueSTUDIO_for_STM32_x86_64_9.0.0/ARMTools/bin/../lib/gcc/arm-atollic-eabi/6.3.1/../../../../arm-atollic-eabi/lib/armv7-m/libc_nano.a(lib_a-impure.o)
 .ARM.attributes
                0x0000000000000559       0x2d /opt/Atollic_TrueSTUDIO_for_STM32_x86_64_9.0.0/ARMTools/bin/../lib/gcc/arm-atollic-eabi/6.3.1/../../../../arm-atollic-eabi/lib/armv7-m/libc_nano.a(lib_a-nano-freer.o)
 .ARM.attributes
                0x0000000000000586       0x2d /opt/Atollic_TrueSTUDIO_for_STM32_x86_64_9.0.0/ARMTools/bin/../lib/gcc/arm-atollic-eabi/6.3.1/../../../../arm-atollic-eabi/lib/armv7-m/libc_nano.a(lib_a-nano-mallocr.o)
 .ARM.attributes
                0x00000000000005b3       0x2d /opt/Atollic_TrueSTUDIO_for_STM32_x86_64_9.0.0/ARMTools/bin/../lib/gcc/arm-atollic-eabi/6.3.1/../../../../arm-atollic-eabi/lib/armv7-m/libc_nano.a(lib_a-nano-svfscanf.o)
 .ARM.attributes
                0x00000000000005e0       0x2d /opt/Atollic_TrueSTUDIO_for_STM32_x86_64_9.0.0/ARMTools/bin/../lib/gcc/arm-atollic-eabi/6.3.1/../../../../arm-atollic-eabi/lib/armv7-m/libc_nano.a(lib_a-nano-vfscanf_i.o)
 .ARM.attributes
                0x000000000000060d       0x2d /opt/Atollic_TrueSTUDIO_for_STM32_x86_64_9.0.0/ARMTools/bin/../lib/gcc/arm-atollic-eabi/6.3.1/../../../../arm-atollic-eabi/lib/armv7-m/libc_nano.a(lib_a-sbrkr.o)
 .ARM.attributes
                0x000000000000063a       0x2d /opt/Atollic_TrueSTUDIO_for_STM32_x86_64_9.0.0/ARMTools/bin/../lib/gcc/arm-atollic-eabi/6.3.1/../../../../arm-atollic-eabi/lib/armv7-m/libc_nano.a(lib_a-sccl.o)
 .ARM.attributes
                0x0000000000000667       0x2d /opt/Atollic_TrueSTUDIO_for_STM32_x86_64_9.0.0/ARMTools/bin/../lib/gcc/arm-atollic-eabi/6.3.1/../../../../arm-atollic-eabi/lib/armv7-m/libc_nano.a(lib_a-strtol.o)
 .ARM.attributes
                0x0000000000000694       0x2d /opt/Atollic_TrueSTUDIO_for_STM32_x86_64_9.0.0/ARMTools/bin/../lib/gcc/arm-atollic-eabi/6.3.1/../../../../arm-atollic-eabi/lib/armv7-m/libc_nano.a(lib_a-strtoul.o)
 .ARM.attributes
                0x00000000000006c1       0x2d /opt/Atollic_TrueSTUDIO_for_STM32_x86_64_9.0.0/ARMTools/bin/../lib/gcc/arm-atollic-eabi/6.3.1/../../../../arm-atollic-eabi/lib/armv7-m/libc_nano.a(lib_a-ungetc.o)
 .ARM.attributes
                0x00000000000006ee       0x2d /opt/Atollic_TrueSTUDIO_for_STM32_x86_64_9.0.0/ARMTools/bin/../lib/gcc/arm-atollic-eabi/6.3.1/../../../../arm-atollic-eabi/lib/armv7-m/libc_nano.a(lib_a-findfp.o)
 .ARM.attributes
                0x000000000000071b       0x2d /opt/Atollic_TrueSTUDIO_for_STM32_x86_64_9.0.0/ARMTools/bin/../lib/gcc/arm-atollic-eabi/6.3.1/../../../../arm-atollic-eabi/lib/armv7-m/libc_nano.a(lib_a-locale.o)
 .ARM.attributes
                0x0000000000000748       0x2d /opt/Atollic_TrueSTUDIO_for_STM32_x86_64_9.0.0/ARMTools/bin/../lib/gcc/arm-atollic-eabi/6.3.1/../../../../arm-atollic-eabi/lib/armv7-m/libc_nano.a(lib_a-mbtowc_r.o)
 .ARM.attributes
                0x0000000000000775       0x2d /opt/Atollic_TrueSTUDIO_for_STM32_x86_64_9.0.0/ARMTools/bin/../lib/gcc/arm-atollic-eabi/6.3.1/../../../../arm-atollic-eabi/lib/armv7-m/libc_nano.a(lib_a-memchr-stub.o)
 .ARM.attributes
                0x00000000000007a2       0x2d /opt/Atollic_TrueSTUDIO_for_STM32_x86_64_9.0.0/ARMTools/bin/../lib/gcc/arm-atollic-eabi/6.3.1/../../../../arm-atollic-eabi/lib/armv7-m/libc_nano.a(lib_a-memcpy-stub.o)
 .ARM.attributes
                0x00000000000007cf       0x2d /opt/Atollic_TrueSTUDIO_for_STM32_x86_64_9.0.0/ARMTools/bin/../lib/gcc/arm-atollic-eabi/6.3.1/../../../../arm-atollic-eabi/lib/armv7-m/libc_nano.a(lib_a-mlock.o)
 .ARM.attributes
                0x00000000000007fc       0x2d /opt/Atollic_TrueSTUDIO_for_STM32_x86_64_9.0.0/ARMTools/bin/../lib/gcc/arm-atollic-eabi/6.3.1/../../../../arm-atollic-eabi/lib/armv7-m/libc_nano.a(lib_a-nano-reallocr.o)
 .ARM.attributes
                0x0000000000000829       0x2d /opt/Atollic_TrueSTUDIO_for_STM32_x86_64_9.0.0/ARMTools/bin/../lib/gcc/arm-atollic-eabi/6.3.1/../../../../arm-atollic-eabi/lib/armv7-m/libc_nano.a(lib_a-wctomb_r.o)
 .ARM.attributes
                0x0000000000000856       0x2d /opt/Atollic_TrueSTUDIO_for_STM32_x86_64_9.0.0/ARMTools/bin/../lib/gcc/arm-atollic-eabi/6.3.1/../../../../arm-atollic-eabi/lib/armv7-m/libc_nano.a(lib_a-ctype_.o)
 .ARM.attributes
                0x0000000000000883       0x2d /opt/Atollic_TrueSTUDIO_for_STM32_x86_64_9.0.0/ARMTools/bin/../lib/gcc/arm-atollic-eabi/6.3.1/../../../../arm-atollic-eabi/lib/armv7-m/libc_nano.a(lib_a-nano-msizer.o)
 .ARM.attributes
                0x00000000000008b0       0x1d /opt/Atollic_TrueSTUDIO_for_STM32_x86_64_9.0.0/ARMTools/bin/../lib/gcc/arm-atollic-eabi/6.3.1/armv7-m/libgcc.a(_arm_addsubdf3.o)
 .ARM.attributes
                0x00000000000008cd       0x1d /opt/Atollic_TrueSTUDIO_for_STM32_x86_64_9.0.0/ARMTools/bin/../lib/gcc/arm-atollic-eabi/6.3.1/armv7-m/libgcc.a(_arm_muldivdf3.o)
 .ARM.attributes
                0x00000000000008ea       0x1d /opt/Atollic_TrueSTUDIO_for_STM32_x86_64_9.0.0/ARMTools/bin/../lib/gcc/arm-atollic-eabi/6.3.1/armv7-m/libgcc.a(_arm_fixdfsi.o)
 .ARM.attributes
                0x0000000000000907       0x1d /opt/Atollic_TrueSTUDIO_for_STM32_x86_64_9.0.0/ARMTools/bin/../lib/gcc/arm-atollic-eabi/6.3.1/armv7-m/libgcc.a(_arm_addsubsf3.o)
 .ARM.attributes
                0x0000000000000924       0x1d /opt/Atollic_TrueSTUDIO_for_STM32_x86_64_9.0.0/ARMTools/bin/../lib/gcc/arm-atollic-eabi/6.3.1/armv7-m/libgcc.a(_arm_muldivsf3.o)
 .ARM.attributes
                0x0000000000000941       0x1d /opt/Atollic_TrueSTUDIO_for_STM32_x86_64_9.0.0/ARMTools/bin/../lib/gcc/arm-atollic-eabi/6.3.1/armv7-m/libgcc.a(_arm_cmpsf2.o)
 .ARM.attributes
                0x000000000000095e       0x1d /opt/Atollic_TrueSTUDIO_for_STM32_x86_64_9.0.0/ARMTools/bin/../lib/gcc/arm-atollic-eabi/6.3.1/armv7-m/libgcc.a(_arm_fixunssfsi.o)
 .ARM.attributes
                0x000000000000097b       0x1d /opt/Atollic_TrueSTUDIO_for_STM32_x86_64_9.0.0/ARMTools/bin/../lib/gcc/arm-atollic-eabi/6.3.1/armv7-m/crtn.o
OUTPUT(Dumber-Robot-Firmware.elf elf32-littlearm)

.debug_info     0x0000000000000000     0xe654
 .debug_info    0x0000000000000000      0x555 Libraries/STM32F10x_StdPeriph_Driver/src/misc.o
 .debug_info    0x0000000000000555      0xc38 Libraries/STM32F10x_StdPeriph_Driver/src/stm32f10x_adc.o
 .debug_info    0x000000000000118d      0x487 Libraries/STM32F10x_StdPeriph_Driver/src/stm32f10x_dma.o
 .debug_info    0x0000000000001614      0x367 Libraries/STM32F10x_StdPeriph_Driver/src/stm32f10x_exti.o
 .debug_info    0x000000000000197b      0x8a0 Libraries/STM32F10x_StdPeriph_Driver/src/stm32f10x_gpio.o
 .debug_info    0x000000000000221b      0x8e8 Libraries/STM32F10x_StdPeriph_Driver/src/stm32f10x_rcc.o
 .debug_info    0x0000000000002b03     0x21a9 Libraries/STM32F10x_StdPeriph_Driver/src/stm32f10x_tim.o
 .debug_info    0x0000000000004cac      0xb37 Libraries/STM32F10x_StdPeriph_Driver/src/stm32f10x_usart.o
 .debug_info    0x00000000000057e3      0xd27 src/battery.o
 .debug_info    0x000000000000650a      0xf87 src/cmdManager.o
 .debug_info    0x0000000000007491      0x705 src/led.o
 .debug_info    0x0000000000007b96      0xc33 src/main.o
 .debug_info    0x00000000000087c9     0x12b5 src/motor.o
 .debug_info    0x0000000000009a7e      0x27f src/stm32f1xx_it.o
 .debug_info    0x0000000000009cfd     0x104c src/syscalls.o
 .debug_info    0x000000000000ad49     0x13d9 src/system_dumby.o
 .debug_info    0x000000000000c122      0xe63 src/tiny_printf.o
 .debug_info    0x000000000000cf85     0x1275 src/usart.o
 .debug_info    0x000000000000e1fa       0x89 system/startup_stm32f10x_ld.o
 .debug_info    0x000000000000e283      0x3d1 system/system_stm32f10x.o

.debug_abbrev   0x0000000000000000     0x25ac
 .debug_abbrev  0x0000000000000000      0x184 Libraries/STM32F10x_StdPeriph_Driver/src/misc.o
 .debug_abbrev  0x0000000000000184      0x1f8 Libraries/STM32F10x_StdPeriph_Driver/src/stm32f10x_adc.o
 .debug_abbrev  0x000000000000037c      0x194 Libraries/STM32F10x_StdPeriph_Driver/src/stm32f10x_dma.o
 .debug_abbrev  0x0000000000000510      0x17a Libraries/STM32F10x_StdPeriph_Driver/src/stm32f10x_exti.o
 .debug_abbrev  0x000000000000068a      0x203 Libraries/STM32F10x_StdPeriph_Driver/src/stm32f10x_gpio.o
 .debug_abbrev  0x000000000000088d      0x1f8 Libraries/STM32F10x_StdPeriph_Driver/src/stm32f10x_rcc.o
 .debug_abbrev  0x0000000000000a85      0x1f2 Libraries/STM32F10x_StdPeriph_Driver/src/stm32f10x_tim.o
 .debug_abbrev  0x0000000000000c77      0x1dc Libraries/STM32F10x_StdPeriph_Driver/src/stm32f10x_usart.o
 .debug_abbrev  0x0000000000000e53      0x1da src/battery.o
 .debug_abbrev  0x000000000000102d      0x2b8 src/cmdManager.o
 .debug_abbrev  0x00000000000012e5      0x194 src/led.o
 .debug_abbrev  0x0000000000001479      0x221 src/main.o
 .debug_abbrev  0x000000000000169a      0x216 src/motor.o
 .debug_abbrev  0x00000000000018b0       0xb3 src/stm32f1xx_it.o
 .debug_abbrev  0x0000000000001963      0x255 src/syscalls.o
 .debug_abbrev  0x0000000000001bb8      0x30f src/system_dumby.o
 .debug_abbrev  0x0000000000001ec7      0x302 src/tiny_printf.o
 .debug_abbrev  0x00000000000021c9      0x281 src/usart.o
 .debug_abbrev  0x000000000000244a       0x12 system/startup_stm32f10x_ld.o
 .debug_abbrev  0x000000000000245c      0x150 system/system_stm32f10x.o

.debug_loc      0x0000000000000000     0x4ed6
 .debug_loc     0x0000000000000000      0x105 Libraries/STM32F10x_StdPeriph_Driver/src/misc.o
 .debug_loc     0x0000000000000105      0x98f Libraries/STM32F10x_StdPeriph_Driver/src/stm32f10x_adc.o
 .debug_loc     0x0000000000000a94      0x1d2 Libraries/STM32F10x_StdPeriph_Driver/src/stm32f10x_dma.o
 .debug_loc     0x0000000000000c66      0x170 Libraries/STM32F10x_StdPeriph_Driver/src/stm32f10x_exti.o
 .debug_loc     0x0000000000000dd6      0x5f9 Libraries/STM32F10x_StdPeriph_Driver/src/stm32f10x_gpio.o
 .debug_loc     0x00000000000013cf      0x6d0 Libraries/STM32F10x_StdPeriph_Driver/src/stm32f10x_rcc.o
 .debug_loc     0x0000000000001a9f     0x1a95 Libraries/STM32F10x_StdPeriph_Driver/src/stm32f10x_tim.o
 .debug_loc     0x0000000000003534      0x7c1 Libraries/STM32F10x_StdPeriph_Driver/src/stm32f10x_usart.o
 .debug_loc     0x0000000000003cf5       0x1f src/battery.o
 .debug_loc     0x0000000000003d14      0x1a6 src/cmdManager.o
 .debug_loc     0x0000000000003eba      0x20b src/led.o
 .debug_loc     0x00000000000040c5      0x35c src/motor.o
 .debug_loc     0x0000000000004421      0x341 src/syscalls.o
 .debug_loc     0x0000000000004762      0x11d src/system_dumby.o
 .debug_loc     0x000000000000487f      0x52b src/tiny_printf.o
 .debug_loc     0x0000000000004daa       0x4d src/usart.o
 .debug_loc     0x0000000000004df7       0xdf system/system_stm32f10x.o

.debug_aranges  0x0000000000000000      0xbf8
 .debug_aranges
                0x0000000000000000       0x40 Libraries/STM32F10x_StdPeriph_Driver/src/misc.o
 .debug_aranges
                0x0000000000000040      0x138 Libraries/STM32F10x_StdPeriph_Driver/src/stm32f10x_adc.o
 .debug_aranges
                0x0000000000000178       0x70 Libraries/STM32F10x_StdPeriph_Driver/src/stm32f10x_dma.o
 .debug_aranges
                0x00000000000001e8       0x58 Libraries/STM32F10x_StdPeriph_Driver/src/stm32f10x_exti.o
 .debug_aranges
                0x0000000000000240       0xa8 Libraries/STM32F10x_StdPeriph_Driver/src/stm32f10x_gpio.o
 .debug_aranges
                0x00000000000002e8      0x118 Libraries/STM32F10x_StdPeriph_Driver/src/stm32f10x_rcc.o
 .debug_aranges
                0x0000000000000400      0x2f0 Libraries/STM32F10x_StdPeriph_Driver/src/stm32f10x_tim.o
 .debug_aranges
                0x00000000000006f0      0x100 Libraries/STM32F10x_StdPeriph_Driver/src/stm32f10x_usart.o
 .debug_aranges
                0x00000000000007f0       0x48 src/battery.o
 .debug_aranges
                0x0000000000000838       0x90 src/cmdManager.o
 .debug_aranges
                0x00000000000008c8       0x50 src/led.o
 .debug_aranges
                0x0000000000000918       0x40 src/main.o
 .debug_aranges
                0x0000000000000958       0x58 src/motor.o
 .debug_aranges
                0x00000000000009b0       0x58 src/stm32f1xx_it.o
 .debug_aranges
                0x0000000000000a08       0xc8 src/syscalls.o
 .debug_aranges
                0x0000000000000ad0       0x40 src/system_dumby.o
 .debug_aranges
                0x0000000000000b10       0x60 src/tiny_printf.o
 .debug_aranges
                0x0000000000000b70       0x38 src/usart.o
 .debug_aranges
                0x0000000000000ba8       0x28 system/startup_stm32f10x_ld.o
 .debug_aranges
                0x0000000000000bd0       0x28 system/system_stm32f10x.o

.debug_ranges   0x0000000000000000      0xb20
 .debug_ranges  0x0000000000000000       0x30 Libraries/STM32F10x_StdPeriph_Driver/src/misc.o
 .debug_ranges  0x0000000000000030      0x128 Libraries/STM32F10x_StdPeriph_Driver/src/stm32f10x_adc.o
 .debug_ranges  0x0000000000000158       0x60 Libraries/STM32F10x_StdPeriph_Driver/src/stm32f10x_dma.o
 .debug_ranges  0x00000000000001b8       0x48 Libraries/STM32F10x_StdPeriph_Driver/src/stm32f10x_exti.o
 .debug_ranges  0x0000000000000200       0x98 Libraries/STM32F10x_StdPeriph_Driver/src/stm32f10x_gpio.o
 .debug_ranges  0x0000000000000298      0x108 Libraries/STM32F10x_StdPeriph_Driver/src/stm32f10x_rcc.o
 .debug_ranges  0x00000000000003a0      0x2e0 Libraries/STM32F10x_StdPeriph_Driver/src/stm32f10x_tim.o
 .debug_ranges  0x0000000000000680       0xf0 Libraries/STM32F10x_StdPeriph_Driver/src/stm32f10x_usart.o
 .debug_ranges  0x0000000000000770       0x38 src/battery.o
 .debug_ranges  0x00000000000007a8       0xb0 src/cmdManager.o
 .debug_ranges  0x0000000000000858       0x40 src/led.o
 .debug_ranges  0x0000000000000898       0x30 src/main.o
 .debug_ranges  0x00000000000008c8       0x48 src/motor.o
 .debug_ranges  0x0000000000000910       0x48 src/stm32f1xx_it.o
 .debug_ranges  0x0000000000000958       0xb8 src/syscalls.o
 .debug_ranges  0x0000000000000a10       0x30 src/system_dumby.o
 .debug_ranges  0x0000000000000a40       0x80 src/tiny_printf.o
 .debug_ranges  0x0000000000000ac0       0x28 src/usart.o
 .debug_ranges  0x0000000000000ae8       0x20 system/startup_stm32f10x_ld.o
 .debug_ranges  0x0000000000000b08       0x18 system/system_stm32f10x.o

.debug_macro    0x0000000000000000    0x11ffb
 .debug_macro   0x0000000000000000      0x19e Libraries/STM32F10x_StdPeriph_Driver/src/misc.o
 .debug_macro   0x000000000000019e      0x8aa Libraries/STM32F10x_StdPeriph_Driver/src/misc.o
 .debug_macro   0x0000000000000a48       0x5d Libraries/STM32F10x_StdPeriph_Driver/src/misc.o
 .debug_macro   0x0000000000000aa5       0x34 Libraries/STM32F10x_StdPeriph_Driver/src/misc.o
 .debug_macro   0x0000000000000ad9       0x22 Libraries/STM32F10x_StdPeriph_Driver/src/misc.o
 .debug_macro   0x0000000000000afb       0x87 Libraries/STM32F10x_StdPeriph_Driver/src/misc.o
 .debug_macro   0x0000000000000b82       0x51 Libraries/STM32F10x_StdPeriph_Driver/src/misc.o
 .debug_macro   0x0000000000000bd3       0xef Libraries/STM32F10x_StdPeriph_Driver/src/misc.o
 .debug_macro   0x0000000000000cc2       0x6a Libraries/STM32F10x_StdPeriph_Driver/src/misc.o
 .debug_macro   0x0000000000000d2c      0x1df Libraries/STM32F10x_StdPeriph_Driver/src/misc.o
 .debug_macro   0x0000000000000f0b       0x18 Libraries/STM32F10x_StdPeriph_Driver/src/misc.o
 .debug_macro   0x0000000000000f23      0x663 Libraries/STM32F10x_StdPeriph_Driver/src/misc.o
 .debug_macro   0x0000000000001586     0x7e6d Libraries/STM32F10x_StdPeriph_Driver/src/misc.o
 .debug_macro   0x00000000000093f3      0x2e4 Libraries/STM32F10x_StdPeriph_Driver/src/misc.o
 .debug_macro   0x00000000000096d7      0x14a Libraries/STM32F10x_StdPeriph_Driver/src/misc.o
 .debug_macro   0x0000000000009821      0x3cf Libraries/STM32F10x_StdPeriph_Driver/src/misc.o
 .debug_macro   0x0000000000009bf0       0xc8 Libraries/STM32F10x_StdPeriph_Driver/src/misc.o
 .debug_macro   0x0000000000009cb8      0x17b Libraries/STM32F10x_StdPeriph_Driver/src/misc.o
 .debug_macro   0x0000000000009e33       0xac Libraries/STM32F10x_StdPeriph_Driver/src/misc.o
 .debug_macro   0x0000000000009edf      0x3b0 Libraries/STM32F10x_StdPeriph_Driver/src/misc.o
 .debug_macro   0x000000000000a28f       0x9d Libraries/STM32F10x_StdPeriph_Driver/src/misc.o
 .debug_macro   0x000000000000a32c      0x2d5 Libraries/STM32F10x_StdPeriph_Driver/src/misc.o
 .debug_macro   0x000000000000a601      0x279 Libraries/STM32F10x_StdPeriph_Driver/src/misc.o
 .debug_macro   0x000000000000a87a      0x2ad Libraries/STM32F10x_StdPeriph_Driver/src/misc.o
 .debug_macro   0x000000000000ab27      0x2b4 Libraries/STM32F10x_StdPeriph_Driver/src/misc.o
 .debug_macro   0x000000000000addb       0x64 Libraries/STM32F10x_StdPeriph_Driver/src/misc.o
 .debug_macro   0x000000000000ae3f       0x82 Libraries/STM32F10x_StdPeriph_Driver/src/misc.o
 .debug_macro   0x000000000000aec1      0x3e2 Libraries/STM32F10x_StdPeriph_Driver/src/misc.o
 .debug_macro   0x000000000000b2a3       0x58 Libraries/STM32F10x_StdPeriph_Driver/src/misc.o
 .debug_macro   0x000000000000b2fb      0x344 Libraries/STM32F10x_StdPeriph_Driver/src/misc.o
 .debug_macro   0x000000000000b63f      0x2c4 Libraries/STM32F10x_StdPeriph_Driver/src/misc.o
 .debug_macro   0x000000000000b903      0x711 Libraries/STM32F10x_StdPeriph_Driver/src/misc.o
 .debug_macro   0x000000000000c014      0x229 Libraries/STM32F10x_StdPeriph_Driver/src/misc.o
 .debug_macro   0x000000000000c23d       0x34 Libraries/STM32F10x_StdPeriph_Driver/src/misc.o
 .debug_macro   0x000000000000c271       0x35 Libraries/STM32F10x_StdPeriph_Driver/src/misc.o
 .debug_macro   0x000000000000c2a6       0x86 Libraries/STM32F10x_StdPeriph_Driver/src/misc.o
 .debug_macro   0x000000000000c32c      0x296 Libraries/STM32F10x_StdPeriph_Driver/src/stm32f10x_adc.o
 .debug_macro   0x000000000000c5c2      0x144 Libraries/STM32F10x_StdPeriph_Driver/src/stm32f10x_adc.o
 .debug_macro   0x000000000000c706       0x8c Libraries/STM32F10x_StdPeriph_Driver/src/stm32f10x_adc.o
 .debug_macro   0x000000000000c792      0x1ec Libraries/STM32F10x_StdPeriph_Driver/src/stm32f10x_dma.o
 .debug_macro   0x000000000000c97e      0x3aa Libraries/STM32F10x_StdPeriph_Driver/src/stm32f10x_dma.o
 .debug_macro   0x000000000000cd28      0x19e Libraries/STM32F10x_StdPeriph_Driver/src/stm32f10x_exti.o
 .debug_macro   0x000000000000cec6       0x97 Libraries/STM32F10x_StdPeriph_Driver/src/stm32f10x_exti.o
 .debug_macro   0x000000000000cf5d      0x1e6 Libraries/STM32F10x_StdPeriph_Driver/src/stm32f10x_gpio.o
 .debug_macro   0x000000000000d143      0x2a7 Libraries/STM32F10x_StdPeriph_Driver/src/stm32f10x_gpio.o
 .debug_macro   0x000000000000d3ea      0x2b8 Libraries/STM32F10x_StdPeriph_Driver/src/stm32f10x_rcc.o
 .debug_macro   0x000000000000d6a2      0x3dc Libraries/STM32F10x_StdPeriph_Driver/src/stm32f10x_rcc.o
 .debug_macro   0x000000000000da7e      0x1b0 Libraries/STM32F10x_StdPeriph_Driver/src/stm32f10x_tim.o
 .debug_macro   0x000000000000dc2e      0x70b Libraries/STM32F10x_StdPeriph_Driver/src/stm32f10x_tim.o
 .debug_macro   0x000000000000e339      0x24c Libraries/STM32F10x_StdPeriph_Driver/src/stm32f10x_usart.o
 .debug_macro   0x000000000000e585      0x223 Libraries/STM32F10x_StdPeriph_Driver/src/stm32f10x_usart.o
 .debug_macro   0x000000000000e7a8      0x1a0 src/battery.o
 .debug_macro   0x000000000000e948       0x3a src/battery.o
 .debug_macro   0x000000000000e982       0x6a src/battery.o
 .debug_macro   0x000000000000e9ec      0x3dc src/cmdManager.o
 .debug_macro   0x000000000000edc8       0x46 src/cmdManager.o
 .debug_macro   0x000000000000ee0e       0x3c src/cmdManager.o
 .debug_macro   0x000000000000ee4a       0x9c src/cmdManager.o
 .debug_macro   0x000000000000eee6       0x16 src/cmdManager.o
 .debug_macro   0x000000000000eefc       0x97 src/cmdManager.o
 .debug_macro   0x000000000000ef93      0x30d src/cmdManager.o
 .debug_macro   0x000000000000f2a0       0xfd src/cmdManager.o
 .debug_macro   0x000000000000f39d       0x10 src/cmdManager.o
 .debug_macro   0x000000000000f3ad       0x52 src/cmdManager.o
 .debug_macro   0x000000000000f3ff       0x1f src/cmdManager.o
 .debug_macro   0x000000000000f41e       0x43 src/cmdManager.o
 .debug_macro   0x000000000000f461       0x20 src/cmdManager.o
 .debug_macro   0x000000000000f481      0x1a3 src/cmdManager.o
 .debug_macro   0x000000000000f624       0x10 src/cmdManager.o
 .debug_macro   0x000000000000f634       0x1c src/cmdManager.o
 .debug_macro   0x000000000000f650       0x52 src/cmdManager.o
 .debug_macro   0x000000000000f6a2       0x40 src/cmdManager.o
 .debug_macro   0x000000000000f6e2       0x10 src/cmdManager.o
 .debug_macro   0x000000000000f6f2       0x40 src/cmdManager.o
 .debug_macro   0x000000000000f732       0xd7 src/cmdManager.o
 .debug_macro   0x000000000000f809       0x16 src/cmdManager.o
 .debug_macro   0x000000000000f81f      0x161 src/cmdManager.o
 .debug_macro   0x000000000000f980       0x16 src/cmdManager.o
 .debug_macro   0x000000000000f996       0x35 src/cmdManager.o
 .debug_macro   0x000000000000f9cb       0x16 src/cmdManager.o
 .debug_macro   0x000000000000f9e1       0x29 src/cmdManager.o
 .debug_macro   0x000000000000fa0a       0x16 src/cmdManager.o
 .debug_macro   0x000000000000fa20       0x20 src/cmdManager.o
 .debug_macro   0x000000000000fa40       0x1c src/cmdManager.o
 .debug_macro   0x000000000000fa5c       0x10 src/cmdManager.o
 .debug_macro   0x000000000000fa6c      0x1b2 src/led.o
 .debug_macro   0x000000000000fc1e       0x16 src/led.o
 .debug_macro   0x000000000000fc34      0x339 src/main.o
 .debug_macro   0x000000000000ff6d      0x8aa src/main.o
 .debug_macro   0x0000000000010817      0x174 src/main.o
 .debug_macro   0x000000000001098b       0x10 src/main.o
 .debug_macro   0x000000000001099b       0x1c src/main.o
 .debug_macro   0x00000000000109b7      0x1a0 src/motor.o
 .debug_macro   0x0000000000010b57      0x1a1 src/stm32f1xx_it.o
 .debug_macro   0x0000000000010cf8      0x264 src/syscalls.o
 .debug_macro   0x0000000000010f5c       0x10 src/syscalls.o
 .debug_macro   0x0000000000010f6c       0x10 src/syscalls.o
 .debug_macro   0x0000000000010f7c       0x10 src/syscalls.o
 .debug_macro   0x0000000000010f8c       0x35 src/syscalls.o
 .debug_macro   0x0000000000010fc1      0x122 src/syscalls.o
 .debug_macro   0x00000000000110e3       0x10 src/syscalls.o
 .debug_macro   0x00000000000110f3      0x241 src/syscalls.o
 .debug_macro   0x0000000000011334       0x10 src/syscalls.o
 .debug_macro   0x0000000000011344      0x159 src/syscalls.o
 .debug_macro   0x000000000001149d       0x16 src/syscalls.o
 .debug_macro   0x00000000000114b3       0x88 src/syscalls.o
 .debug_macro   0x000000000001153b      0x32f src/system_dumby.o
 .debug_macro   0x000000000001186a      0x1a9 src/tiny_printf.o
 .debug_macro   0x0000000000011a13       0x58 src/tiny_printf.o
 .debug_macro   0x0000000000011a6b       0x40 src/tiny_printf.o
 .debug_macro   0x0000000000011aab       0x8d src/tiny_printf.o
 .debug_macro   0x0000000000011b38       0x57 src/tiny_printf.o
 .debug_macro   0x0000000000011b8f      0x273 src/usart.o
 .debug_macro   0x0000000000011e02       0x64 src/usart.o
 .debug_macro   0x0000000000011e66      0x195 system/system_stm32f10x.o

.debug_line     0x0000000000000000     0x7e72
 .debug_line    0x0000000000000000      0x52b Libraries/STM32F10x_StdPeriph_Driver/src/misc.o
 .debug_line    0x000000000000052b      0x7f3 Libraries/STM32F10x_StdPeriph_Driver/src/stm32f10x_adc.o
 .debug_line    0x0000000000000d1e      0x5d9 Libraries/STM32F10x_StdPeriph_Driver/src/stm32f10x_dma.o
 .debug_line    0x00000000000012f7      0x581 Libraries/STM32F10x_StdPeriph_Driver/src/stm32f10x_exti.o
 .debug_line    0x0000000000001878      0x688 Libraries/STM32F10x_StdPeriph_Driver/src/stm32f10x_gpio.o
 .debug_line    0x0000000000001f00      0x778 Libraries/STM32F10x_StdPeriph_Driver/src/stm32f10x_rcc.o
 .debug_line    0x0000000000002678      0xd71 Libraries/STM32F10x_StdPeriph_Driver/src/stm32f10x_tim.o
 .debug_line    0x00000000000033e9      0x74a Libraries/STM32F10x_StdPeriph_Driver/src/stm32f10x_usart.o
 .debug_line    0x0000000000003b33      0x5a2 src/battery.o
 .debug_line    0x00000000000040d5      0x865 src/cmdManager.o
 .debug_line    0x000000000000493a      0x566 src/led.o
 .debug_line    0x0000000000004ea0      0x6f0 src/main.o
 .debug_line    0x0000000000005590      0x623 src/motor.o
 .debug_line    0x0000000000005bb3      0x550 src/stm32f1xx_it.o
 .debug_line    0x0000000000006103      0x598 src/syscalls.o
 .debug_line    0x000000000000669b      0x752 src/system_dumby.o
 .debug_line    0x0000000000006ded      0x4ad src/tiny_printf.o
 .debug_line    0x000000000000729a      0x665 src/usart.o
 .debug_line    0x00000000000078ff       0x7f system/startup_stm32f10x_ld.o
 .debug_line    0x000000000000797e      0x4f4 system/system_stm32f10x.o

.debug_str      0x0000000000000000    0x56f77
 .debug_str     0x0000000000000000    0x4cf06 Libraries/STM32F10x_StdPeriph_Driver/src/misc.o
                                      0x4d08e (size before relaxing)
 .debug_str     0x000000000004cf06      0xba2 Libraries/STM32F10x_StdPeriph_Driver/src/stm32f10x_adc.o
                                      0x4d9f3 (size before relaxing)
 .debug_str     0x000000000004daa8      0x6ea Libraries/STM32F10x_StdPeriph_Driver/src/stm32f10x_dma.o
                                      0x4d530 (size before relaxing)
 .debug_str     0x000000000004e192      0x1e2 Libraries/STM32F10x_StdPeriph_Driver/src/stm32f10x_exti.o
                                      0x4d011 (size before relaxing)
 .debug_str     0x000000000004e374      0x5b8 Libraries/STM32F10x_StdPeriph_Driver/src/stm32f10x_gpio.o
                                      0x4d417 (size before relaxing)
 .debug_str     0x000000000004e92c      0xb56 Libraries/STM32F10x_StdPeriph_Driver/src/stm32f10x_rcc.o
                                      0x4d9e6 (size before relaxing)
 .debug_str     0x000000000004f482      0xc29 Libraries/STM32F10x_StdPeriph_Driver/src/stm32f10x_tim.o
                                      0x4db32 (size before relaxing)
 .debug_str     0x00000000000500ab      0x7fd Libraries/STM32F10x_StdPeriph_Driver/src/stm32f10x_usart.o
                                      0x4d750 (size before relaxing)
 .debug_str     0x00000000000508a8      0x71c src/battery.o
                                      0x4da47 (size before relaxing)
 .debug_str     0x0000000000050fc4     0x4876 src/cmdManager.o
                                      0x51b20 (size before relaxing)
 .debug_str     0x000000000005583a       0xdf src/led.o
                                      0x4d33d (size before relaxing)
 .debug_str     0x0000000000055919      0x117 src/main.o
                                      0x517d2 (size before relaxing)
 .debug_str     0x0000000000055a30      0x10b src/motor.o
                                      0x4d9e9 (size before relaxing)
 .debug_str     0x0000000000055b3b       0xa8 src/stm32f1xx_it.o
                                      0x4d0be (size before relaxing)
 .debug_str     0x0000000000055be3     0x10f1 src/syscalls.o
                                       0x8b0a (size before relaxing)
 .debug_str     0x0000000000056cd4       0x7d src/system_dumby.o
                                      0x51ce9 (size before relaxing)
 .debug_str     0x0000000000056d51      0x14e src/tiny_printf.o
                                       0x70c2 (size before relaxing)
 .debug_str     0x0000000000056e9f       0x7a src/usart.o
                                      0x50b95 (size before relaxing)
 .debug_str     0x0000000000056f19       0x5e system/system_stm32f10x.o
                                      0x4cf12 (size before relaxing)

.comment        0x0000000000000000       0x7c
 .comment       0x0000000000000000       0x7c Libraries/STM32F10x_StdPeriph_Driver/src/misc.o
                                         0x7d (size before relaxing)
 .comment       0x000000000000007c       0x7d Libraries/STM32F10x_StdPeriph_Driver/src/stm32f10x_adc.o
 .comment       0x000000000000007c       0x7d Libraries/STM32F10x_StdPeriph_Driver/src/stm32f10x_dma.o
 .comment       0x000000000000007c       0x7d Libraries/STM32F10x_StdPeriph_Driver/src/stm32f10x_exti.o
 .comment       0x000000000000007c       0x7d Libraries/STM32F10x_StdPeriph_Driver/src/stm32f10x_gpio.o
 .comment       0x000000000000007c       0x7d Libraries/STM32F10x_StdPeriph_Driver/src/stm32f10x_rcc.o
 .comment       0x000000000000007c       0x7d Libraries/STM32F10x_StdPeriph_Driver/src/stm32f10x_tim.o
 .comment       0x000000000000007c       0x7d Libraries/STM32F10x_StdPeriph_Driver/src/stm32f10x_usart.o
 .comment       0x000000000000007c       0x7d src/battery.o
 .comment       0x000000000000007c       0x7d src/cmdManager.o
 .comment       0x000000000000007c       0x7d src/led.o
 .comment       0x000000000000007c       0x7d src/main.o
 .comment       0x000000000000007c       0x7d src/motor.o
 .comment       0x000000000000007c       0x7d src/stm32f1xx_it.o
 .comment       0x000000000000007c       0x7d src/syscalls.o
 .comment       0x000000000000007c       0x7d src/system_dumby.o
 .comment       0x000000000000007c       0x7d src/tiny_printf.o
 .comment       0x000000000000007c       0x7d src/usart.o
 .comment       0x000000000000007c       0x7d system/system_stm32f10x.o

.debug_frame    0x0000000000000000     0x24c8
 .debug_frame   0x0000000000000000       0x6c Libraries/STM32F10x_StdPeriph_Driver/src/misc.o
 .debug_frame   0x000000000000006c      0x29c Libraries/STM32F10x_StdPeriph_Driver/src/stm32f10x_adc.o
 .debug_frame   0x0000000000000308       0xcc Libraries/STM32F10x_StdPeriph_Driver/src/stm32f10x_dma.o
 .debug_frame   0x00000000000003d4       0xa0 Libraries/STM32F10x_StdPeriph_Driver/src/stm32f10x_exti.o
 .debug_frame   0x0000000000000474      0x170 Libraries/STM32F10x_StdPeriph_Driver/src/stm32f10x_gpio.o
 .debug_frame   0x00000000000005e4      0x22c Libraries/STM32F10x_StdPeriph_Driver/src/stm32f10x_rcc.o
 .debug_frame   0x0000000000000810      0x6e0 Libraries/STM32F10x_StdPeriph_Driver/src/stm32f10x_tim.o
 .debug_frame   0x0000000000000ef0      0x224 Libraries/STM32F10x_StdPeriph_Driver/src/stm32f10x_usart.o
 .debug_frame   0x0000000000001114       0xac src/battery.o
 .debug_frame   0x00000000000011c0      0x180 src/cmdManager.o
 .debug_frame   0x0000000000001340       0xbc src/led.o
 .debug_frame   0x00000000000013fc       0xa4 src/main.o
 .debug_frame   0x00000000000014a0       0xf8 src/motor.o
 .debug_frame   0x0000000000001598       0xf0 src/stm32f1xx_it.o
 .debug_frame   0x0000000000001688      0x170 src/syscalls.o
 .debug_frame   0x00000000000017f8       0x90 src/system_dumby.o
 .debug_frame   0x0000000000001888      0x168 src/tiny_printf.o
 .debug_frame   0x00000000000019f0       0x88 src/usart.o
 .debug_frame   0x0000000000001a78       0x30 system/system_stm32f10x.o
 .debug_frame   0x0000000000001aa8       0x2c /opt/Atollic_TrueSTUDIO_for_STM32_x86_64_9.0.0/ARMTools/bin/../lib/gcc/arm-atollic-eabi/6.3.1/../../../../arm-atollic-eabi/lib/armv7-m/libc_nano.a(lib_a-init.o)
 .debug_frame   0x0000000000001ad4       0x5c /opt/Atollic_TrueSTUDIO_for_STM32_x86_64_9.0.0/ARMTools/bin/../lib/gcc/arm-atollic-eabi/6.3.1/../../../../arm-atollic-eabi/lib/armv7-m/libc_nano.a(lib_a-reent.o)
 .debug_frame   0x0000000000001b30       0x80 /opt/Atollic_TrueSTUDIO_for_STM32_x86_64_9.0.0/ARMTools/bin/../lib/gcc/arm-atollic-eabi/6.3.1/../../../../arm-atollic-eabi/lib/armv7-m/libc_nano.a(lib_a-sscanf.o)
 .debug_frame   0x0000000000001bb0       0x88 /opt/Atollic_TrueSTUDIO_for_STM32_x86_64_9.0.0/ARMTools/bin/../lib/gcc/arm-atollic-eabi/6.3.1/../../../../arm-atollic-eabi/lib/armv7-m/libc_nano.a(lib_a-stdio.o)
 .debug_frame   0x0000000000001c38       0x20 /opt/Atollic_TrueSTUDIO_for_STM32_x86_64_9.0.0/ARMTools/bin/../lib/gcc/arm-atollic-eabi/6.3.1/../../../../arm-atollic-eabi/lib/armv7-m/libc_nano.a(lib_a-strcpy.o)
 .debug_frame   0x0000000000001c58       0x38 /opt/Atollic_TrueSTUDIO_for_STM32_x86_64_9.0.0/ARMTools/bin/../lib/gcc/arm-atollic-eabi/6.3.1/../../../../arm-atollic-eabi/lib/armv7-m/libc_nano.a(lib_a-nano-freer.o)
 .debug_frame   0x0000000000001c90       0x2c /opt/Atollic_TrueSTUDIO_for_STM32_x86_64_9.0.0/ARMTools/bin/../lib/gcc/arm-atollic-eabi/6.3.1/../../../../arm-atollic-eabi/lib/armv7-m/libc_nano.a(lib_a-nano-mallocr.o)
 .debug_frame   0x0000000000001cbc       0x78 /opt/Atollic_TrueSTUDIO_for_STM32_x86_64_9.0.0/ARMTools/bin/../lib/gcc/arm-atollic-eabi/6.3.1/../../../../arm-atollic-eabi/lib/armv7-m/libc_nano.a(lib_a-nano-svfscanf.o)
 .debug_frame   0x0000000000001d34       0x60 /opt/Atollic_TrueSTUDIO_for_STM32_x86_64_9.0.0/ARMTools/bin/../lib/gcc/arm-atollic-eabi/6.3.1/../../../../arm-atollic-eabi/lib/armv7-m/libc_nano.a(lib_a-nano-vfscanf_i.o)
 .debug_frame   0x0000000000001d94       0x2c /opt/Atollic_TrueSTUDIO_for_STM32_x86_64_9.0.0/ARMTools/bin/../lib/gcc/arm-atollic-eabi/6.3.1/../../../../arm-atollic-eabi/lib/armv7-m/libc_nano.a(lib_a-sbrkr.o)
 .debug_frame   0x0000000000001dc0       0x2c /opt/Atollic_TrueSTUDIO_for_STM32_x86_64_9.0.0/ARMTools/bin/../lib/gcc/arm-atollic-eabi/6.3.1/../../../../arm-atollic-eabi/lib/armv7-m/libc_nano.a(lib_a-sccl.o)
 .debug_frame   0x0000000000001dec       0x88 /opt/Atollic_TrueSTUDIO_for_STM32_x86_64_9.0.0/ARMTools/bin/../lib/gcc/arm-atollic-eabi/6.3.1/../../../../arm-atollic-eabi/lib/armv7-m/libc_nano.a(lib_a-strtol.o)
 .debug_frame   0x0000000000001e74       0x84 /opt/Atollic_TrueSTUDIO_for_STM32_x86_64_9.0.0/ARMTools/bin/../lib/gcc/arm-atollic-eabi/6.3.1/../../../../arm-atollic-eabi/lib/armv7-m/libc_nano.a(lib_a-strtoul.o)
 .debug_frame   0x0000000000001ef8       0x5c /opt/Atollic_TrueSTUDIO_for_STM32_x86_64_9.0.0/ARMTools/bin/../lib/gcc/arm-atollic-eabi/6.3.1/../../../../arm-atollic-eabi/lib/armv7-m/libc_nano.a(lib_a-ungetc.o)
 .debug_frame   0x0000000000001f54      0x11c /opt/Atollic_TrueSTUDIO_for_STM32_x86_64_9.0.0/ARMTools/bin/../lib/gcc/arm-atollic-eabi/6.3.1/../../../../arm-atollic-eabi/lib/armv7-m/libc_nano.a(lib_a-findfp.o)
 .debug_frame   0x0000000000002070       0x68 /opt/Atollic_TrueSTUDIO_for_STM32_x86_64_9.0.0/ARMTools/bin/../lib/gcc/arm-atollic-eabi/6.3.1/../../../../arm-atollic-eabi/lib/armv7-m/libc_nano.a(lib_a-locale.o)
 .debug_frame   0x00000000000020d8       0x48 /opt/Atollic_TrueSTUDIO_for_STM32_x86_64_9.0.0/ARMTools/bin/../lib/gcc/arm-atollic-eabi/6.3.1/../../../../arm-atollic-eabi/lib/armv7-m/libc_nano.a(lib_a-mbtowc_r.o)
 .debug_frame   0x0000000000002120       0x28 /opt/Atollic_TrueSTUDIO_for_STM32_x86_64_9.0.0/ARMTools/bin/../lib/gcc/arm-atollic-eabi/6.3.1/../../../../arm-atollic-eabi/lib/armv7-m/libc_nano.a(lib_a-memchr-stub.o)
 .debug_frame   0x0000000000002148       0x28 /opt/Atollic_TrueSTUDIO_for_STM32_x86_64_9.0.0/ARMTools/bin/../lib/gcc/arm-atollic-eabi/6.3.1/../../../../arm-atollic-eabi/lib/armv7-m/libc_nano.a(lib_a-memcpy-stub.o)
 .debug_frame   0x0000000000002170       0x30 /opt/Atollic_TrueSTUDIO_for_STM32_x86_64_9.0.0/ARMTools/bin/../lib/gcc/arm-atollic-eabi/6.3.1/../../../../arm-atollic-eabi/lib/armv7-m/libc_nano.a(lib_a-mlock.o)
 .debug_frame   0x00000000000021a0       0x3c /opt/Atollic_TrueSTUDIO_for_STM32_x86_64_9.0.0/ARMTools/bin/../lib/gcc/arm-atollic-eabi/6.3.1/../../../../arm-atollic-eabi/lib/armv7-m/libc_nano.a(lib_a-nano-reallocr.o)