stm32l0xx_hal_msp.c:69:6:HAL_MspInit	8	static
stm32l0xx_hal_msp.c:93:6:HAL_ADC_MspInit	48	static
stm32l0xx_hal_msp.c:129:6:HAL_ADC_MspDeInit	16	static
stm32l0xx_hal_msp.c:159:6:HAL_LPTIM_MspInit	56	static
stm32l0xx_hal_msp.c:203:6:HAL_LPTIM_MspDeInit	16	static
stm32l0xx_hal_msp.c:234:6:HAL_UART_MspInit	48	static
stm32l0xx_hal_msp.c:308:6:HAL_UART_MspDeInit	16	static
stm32l0xx_hal_msp.c:343:6:HAL_TIM_Base_MspInit	16	static
stm32l0xx_hal_msp.c:365:6:HAL_TIM_Encoder_MspInit	48	static
stm32l0xx_hal_msp.c:395:6:HAL_TIM_MspPostInit	56	static
stm32l0xx_hal_msp.c:445:6:HAL_TIM_Base_MspDeInit	16	static
stm32l0xx_hal_msp.c:467:6:HAL_TIM_Encoder_MspDeInit	16	static
